<html>
<body>
<pre>
<h1>µVision Build Log</h1>
<h2>Tool Versions:</h2>
IDE-Version: µVision V5.43.1.0
Copyright (C) 2025 ARM Ltd and ARM Germany GmbH. All rights reserved.
License Information: Bobby Labonite, University of Illinois, at Chicago, LIC=----
 
Tool Versions:
Toolchain:       MDK-Lite  Version: 5.43.0.0
Toolchain Path:  C:\Users\bobby\AppData\Local\Keil_v5\ARM\ARMCLANG\Bin
C Compiler:      ArmClang.exe V6.24
Assembler:       Armasm.exe V6.24
Linker/Locator:  ArmLink.exe V6.24
Library Manager: ArmAr.exe V6.24
Hex Converter:   FromElf.exe V6.24
CPU DLL:         SARMCM3.DLL V5.43.0.0
Dialog DLL:      DCM.DLL V1.17.5.0
Target DLL:      Segger\JL2CM3.dll V2.99.45.0
Dialog DLL:      TCM.DLL V1.56.6.0
 
<h2>Project:</h2>
C:\Users\bobby\Downloads\AmbiqSuite_R4.3.0\AmbiqSuite_R4.3.0\boards\apollo4p_evb\examples\peripherals\adc_vbatt\keil\adc_vbatt.uvprojx
Project File Date:  06/22/2026

<h2>Output:</h2>
*** Using Compiler 'V6.24', folder: 'C:\Users\bobby\AppData\Local\Keil_v5\ARM\ARMCLANG\Bin'
Build target 'adc_vbatt'
assembling startup_keil.s...
linking...
Program Size: Code=13326 RO-data=1406 RW-data=300 ZI-data=5340  
After Build - User command #1: fromelf --bin --output bin\adc_vbatt.bin bin\adc_vbatt.axf
After Build - User command #2: fromelf -cedrst --output bin\adc_vbatt.txt bin\adc_vbatt.axf
".\bin\adc_vbatt.axf" - 0 Error(s), 0 Warning(s).

<h2>Software Packages used:</h2>

Package Vendor: AmbiqMicro
                https://download.ambiq.com/packs/AmbiqMicro.Apollo_DFP.1.5.4.pack
                AmbiqMicro::Apollo_DFP@1.5.4
                Ambiq Apollo Series Device Support

<h2>Collection of Component include folders:</h2>
  C:/Users/bobby/AppData/Local/Arm/Packs/AmbiqMicro/Apollo_DFP/1.5.4/Device/Include

<h2>Collection of Component Files used:</h2>
Build Time Elapsed:  00:00:01
</pre>
</body>
</html>
