Component: Arm Compiler for Embedded 6.24 Tool: armlink [5f371500]

==============================================================================

Section Cross References

    adc_vbatt.o(.text.am_adc_isr) refers to adc_vbatt.o(.bss.g_ADCHandle) for g_ADCHandle
    adc_vbatt.o(.text.am_adc_isr) refers to am_hal_adc.o(i.am_hal_adc_interrupt_status) for am_hal_adc_interrupt_status
    adc_vbatt.o(.text.am_adc_isr) refers to am_hal_adc.o(i.am_hal_adc_interrupt_clear) for am_hal_adc_interrupt_clear
    adc_vbatt.o(.text.am_adc_isr) refers to am_bsp.o(.data) for am_bsp_psLEDs
    adc_vbatt.o(.text.am_adc_isr) refers to am_devices_led.o(.text.am_devices_led_toggle) for am_devices_led_toggle
    adc_vbatt.o(.text.am_adc_isr) refers to adc_vbatt.o(.bss.g_ui16ADCVDD_code) for g_ui16ADCVDD_code
    adc_vbatt.o(.text.am_adc_isr) refers to adc_vbatt.o(.bss.g_ui16ADCTEMP_code) for g_ui16ADCTEMP_code
    adc_vbatt.o(.text.am_adc_isr) refers to am_hal_cachectrl.o(i.am_hal_daxi_control) for am_hal_daxi_control
    adc_vbatt.o(.text.am_adc_isr) refers to am_hal_adc.o(i.am_hal_adc_samples_read) for am_hal_adc_samples_read
    adc_vbatt.o(.text.am_adc_isr) refers to adc_vbatt.o(.bss.g_ui32SampleCount) for g_ui32SampleCount
    adc_vbatt.o(.ARM.exidx.text.am_adc_isr) refers to adc_vbatt.o(.text.am_adc_isr) for [Anonymous Symbol]
    adc_vbatt.o(.text.adc_init) refers to adc_vbatt.o(.bss.g_ADCHandle) for g_ADCHandle
    adc_vbatt.o(.text.adc_init) refers to am_hal_adc.o(i.am_hal_adc_initialize) for am_hal_adc_initialize
    adc_vbatt.o(.text.adc_init) refers to am_util_stdio.o(.text.am_util_stdio_printf) for am_util_stdio_printf
    adc_vbatt.o(.text.adc_init) refers to am_hal_adc.o(i.am_hal_adc_power_control) for am_hal_adc_power_control
    adc_vbatt.o(.text.adc_init) refers to adc_vbatt.o(.rodata.g_sADC_Cfg) for g_sADC_Cfg
    adc_vbatt.o(.text.adc_init) refers to am_hal_adc.o(i.am_hal_adc_configure) for am_hal_adc_configure
    adc_vbatt.o(.text.adc_init) refers to adc_vbatt.o(.rodata.str1.1) for .L.str.2
    adc_vbatt.o(.text.adc_init) refers to am_hal_adc.o(i.am_hal_adc_configure_irtt) for am_hal_adc_configure_irtt
    adc_vbatt.o(.text.adc_init) refers to am_hal_adc.o(i.am_hal_adc_interrupt_enable) for am_hal_adc_interrupt_enable
    adc_vbatt.o(.text.adc_init) refers to am_hal_adc.o(i.am_hal_adc_configure_slot) for am_hal_adc_configure_slot
    adc_vbatt.o(.text.adc_init) refers to am_hal_adc.o(i.am_hal_adc_enable) for am_hal_adc_enable
    adc_vbatt.o(.text.adc_init) refers to am_hal_adc.o(i.am_hal_adc_irtt_enable) for am_hal_adc_irtt_enable
    adc_vbatt.o(.ARM.exidx.text.adc_init) refers to adc_vbatt.o(.text.adc_init) for [Anonymous Symbol]
    adc_vbatt.o(.text.main) refers to am_hal_cachectrl.o(.constdata) for am_hal_cachectrl_defaults
    adc_vbatt.o(.text.main) refers to am_hal_cachectrl.o(i.am_hal_cachectrl_config) for am_hal_cachectrl_config
    adc_vbatt.o(.text.main) refers to am_hal_cachectrl.o(i.am_hal_cachectrl_enable) for am_hal_cachectrl_enable
    adc_vbatt.o(.text.main) refers to am_bsp.o(i.am_bsp_low_power_init) for am_bsp_low_power_init
    adc_vbatt.o(.text.main) refers to am_bsp.o(.data) for am_bsp_psLEDs
    adc_vbatt.o(.text.main) refers to am_devices_led.o(.text.am_devices_led_array_init) for am_devices_led_array_init
    adc_vbatt.o(.text.main) refers to am_bsp_pins.o(.data) for g_AM_BSP_GPIO_BUTTON0
    adc_vbatt.o(.text.main) refers to am_hal_gpio.o(i.am_hal_gpio_pinconfig) for am_hal_gpio_pinconfig
    adc_vbatt.o(.text.main) refers to am_bsp.o(i.am_bsp_itm_printf_enable) for am_bsp_itm_printf_enable
    adc_vbatt.o(.text.main) refers to am_util_stdio.o(.text.am_util_stdio_terminal_clear) for am_util_stdio_terminal_clear
    adc_vbatt.o(.text.main) refers to adc_vbatt.o(.rodata.str1.1) for .L.str.4
    adc_vbatt.o(.text.main) refers to am_util_stdio.o(.text.am_util_stdio_printf) for am_util_stdio_printf
    adc_vbatt.o(.text.main) refers to am_hal_sysctrl.o(i.am_hal_sysctrl_fpu_enable) for am_hal_sysctrl_fpu_enable
    adc_vbatt.o(.text.main) refers to am_hal_sysctrl.o(i.am_hal_sysctrl_fpu_stacking_enable) for am_hal_sysctrl_fpu_stacking_enable
    adc_vbatt.o(.text.main) refers to adc_vbatt.o(.text.adc_init) for adc_init
    adc_vbatt.o(.text.main) refers to am_hal_interrupt.o(.emb_text) for am_hal_interrupt_master_enable
    adc_vbatt.o(.text.main) refers to adc_vbatt.o(.bss.g_ADCHandle) for g_ADCHandle
    adc_vbatt.o(.text.main) refers to am_hal_adc.o(i.am_hal_adc_control) for am_hal_adc_control
    adc_vbatt.o(.text.main) refers to f2d.o(x$fpl$f2d) for __aeabi_f2d
    adc_vbatt.o(.text.main) refers to am_hal_adc.o(i.am_hal_adc_interrupt_enable) for am_hal_adc_interrupt_enable
    adc_vbatt.o(.text.main) refers to adc_vbatt.o(.bss.g_ui32SampleCount) for g_ui32SampleCount
    adc_vbatt.o(.text.main) refers to am_hal_adc.o(i.am_hal_adc_sw_trigger) for am_hal_adc_sw_trigger
    adc_vbatt.o(.text.main) refers to adc_vbatt.o(.bss.g_ui16ADCTEMP_code) for g_ui16ADCTEMP_code
[...]
    ../am_bsp.c                              0x00000000   Number         0  am_bsp.o ABSOLUTE
    ../am_bsp_pins.c                         0x00000000   Number         0  am_bsp_pins.o ABSOLUTE
    ../clib/angel/boardlib.s                 0x00000000   Number         0  boardinit1.o ABSOLUTE
    ../clib/angel/boardlib.s                 0x00000000   Number         0  boardinit2.o ABSOLUTE
    ../clib/angel/boardlib.s                 0x00000000   Number         0  boardinit3.o ABSOLUTE
    ../clib/angel/boardlib.s                 0x00000000   Number         0  boardshut.o ABSOLUTE
    ../clib/angel/dczerorl.s                 0x00000000   Number         0  __dczerorl.o ABSOLUTE
    ../clib/angel/handlers.s                 0x00000000   Number         0  __scatter_copy.o ABSOLUTE
    ../clib/angel/handlers.s                 0x00000000   Number         0  __scatter_zi.o ABSOLUTE
    ../clib/angel/kernel.s                   0x00000000   Number         0  __rtentry.o ABSOLUTE
    ../clib/angel/kernel.s                   0x00000000   Number         0  __rtentry2.o ABSOLUTE
    ../clib/angel/kernel.s                   0x00000000   Number         0  __rtentry4.o ABSOLUTE
    ../clib/angel/kernel.s                   0x00000000   Number         0  rtexit.o ABSOLUTE
    ../clib/angel/kernel.s                   0x00000000   Number         0  rtexit2.o ABSOLUTE
    ../clib/angel/rt.s                       0x00000000   Number         0  rt_raise.o ABSOLUTE
    ../clib/angel/scatter.s                  0x00000000   Number         0  __scatter.o ABSOLUTE
    ../clib/angel/startup.s                  0x00000000   Number         0  __main.o ABSOLUTE
    ../clib/angel/sys.s                      0x00000000   Number         0  sys_stackheap_outer.o ABSOLUTE
    ../clib/angel/sys.s                      0x00000000   Number         0  libspace.o ABSOLUTE
    ../clib/angel/sys.s                      0x00000000   Number         0  use_no_semi.o ABSOLUTE
    ../clib/angel/sys.s                      0x00000000   Number         0  indicate_semi.o ABSOLUTE
    ../clib/angel/sysapp.c                   0x00000000   Number         0  sys_exit.o ABSOLUTE
    ../clib/angel/sysapp.c                   0x00000000   Number         0  sys_exit_hlt.o ABSOLUTE
    ../clib/angel/sysapp.c                   0x00000000   Number         0  sys_command.o ABSOLUTE
    ../clib/angel/sysapp.c                   0x00000000   Number         0  sys_command_hlt.o ABSOLUTE
    ../clib/angel/sysapp.c                   0x00000000   Number         0  sys_wrch.o ABSOLUTE
    ../clib/angel/sysapp.c                   0x00000000   Number         0  sys_wrch_hlt.o ABSOLUTE
    ../clib/armsys.c                         0x00000000   Number         0  argv_veneer.o ABSOLUTE
    ../clib/armsys.c                         0x00000000   Number         0  argv_veneer.o ABSOLUTE
    ../clib/armsys.c                         0x00000000   Number         0  _get_argv_nomalloc.o ABSOLUTE
    ../clib/armsys.c                         0x00000000   Number         0  no_argv.o ABSOLUTE
    ../clib/heapalloc.c                      0x00000000   Number         0  hrguard.o ABSOLUTE
    ../clib/heapaux.c                        0x00000000   Number         0  heapauxi.o ABSOLUTE
    ../clib/libinit.s                        0x00000000   Number         0  libinit.o ABSOLUTE
    ../clib/libinit.s                        0x00000000   Number         0  libinit2.o ABSOLUTE
    ../clib/libinit.s                        0x00000000   Number         0  libshutdown.o ABSOLUTE
    ../clib/libinit.s                        0x00000000   Number         0  libshutdown2.o ABSOLUTE
    ../clib/longlong.s                       0x00000000   Number         0  llshl.o ABSOLUTE
    ../clib/longlong.s                       0x00000000   Number         0  llushr.o ABSOLUTE
    ../clib/signal.c                         0x00000000   Number         0  defsig_rtmem_outer.o ABSOLUTE
    ../clib/signal.c                         0x00000000   Number         0  defsig_rtmem_formal.o ABSOLUTE
    ../clib/signal.c                         0x00000000   Number         0  defsig_exit.o ABSOLUTE
    ../clib/signal.c                         0x00000000   Number         0  defsig_rtmem_inner.o ABSOLUTE
    ../clib/signal.c                         0x00000000   Number         0  __raise.o ABSOLUTE
    ../clib/signal.c                         0x00000000   Number         0  defsig_general.o ABSOLUTE
    ../clib/signal.c                         0x00000000   Number         0  defsig_abrt_inner.o ABSOLUTE
    ../clib/signal.c                         0x00000000   Number         0  defsig_fpe_inner.o ABSOLUTE
    ../clib/signal.c                         0x00000000   Number         0  defsig_rtred_inner.o ABSOLUTE
    ../clib/signal.c                         0x00000000   Number         0  defsig_stak_inner.o ABSOLUTE
    ../clib/signal.c                         0x00000000   Number         0  defsig_pvfn_inner.o ABSOLUTE
    ../clib/signal.c                         0x00000000   Number         0  defsig_cppl_inner.o ABSOLUTE
    ../clib/signal.c                         0x00000000   Number         0  defsig_segv_inner.o ABSOLUTE
    ../clib/signal.c                         0x00000000   Number         0  defsig_other.o ABSOLUTE
    ../clib/signal.s                         0x00000000   Number         0  defsig.o ABSOLUTE
    ../clib/stdlib.c                         0x00000000   Number         0  exit.o ABSOLUTE
    ../fplib/d2f.s                           0x00000000   Number         0  d2f.o ABSOLUTE
    ../fplib/dnaninf.s                       0x00000000   Number         0  dnaninf.o ABSOLUTE
    ../fplib/dretinf.s                       0x00000000   Number         0  dretinf.o ABSOLUTE
    ../fplib/f2d.s                           0x00000000   Number         0  f2d.o ABSOLUTE
    ../fplib/fnaninf.s                       0x00000000   Number         0  fnaninf.o ABSOLUTE
    ../fplib/fpinit.s                        0x00000000   Number         0  fpinit.o ABSOLUTE
    ../fplib/fretinf.s                       0x00000000   Number         0  fretinf.o ABSOLUTE
    ../fplib/usenofp.s                       0x00000000   Number         0  usenofp.o ABSOLUTE
    ../keil/startup_keil.s                   0x00000000   Number         0  startup_keil.o ABSOLUTE
    ..\..\..\..\..\mcu\apollo4p\hal\am_hal_adc.c 0x00000000   Number         0  am_hal_adc.o ABSOLUTE
    ..\..\..\..\..\mcu\apollo4p\hal\am_hal_dcu.c 0x00000000   Number         0  am_hal_dcu.o ABSOLUTE
    ..\..\..\..\..\mcu\apollo4p\hal\am_hal_global.c 0x00000000   Number         0  am_hal_global.o ABSOLUTE
    ..\..\..\..\..\mcu\apollo4p\hal\am_hal_gpio.c 0x00000000   Number         0  am_hal_gpio.o ABSOLUTE
    ..\..\..\..\..\mcu\apollo4p\hal\am_hal_pin.c 0x00000000   Number         0  am_hal_pin.o ABSOLUTE
    ..\..\..\..\..\mcu\apollo4p\hal\am_hal_pwrctrl.c 0x00000000   Number         0  am_hal_pwrctrl.o ABSOLUTE
    ..\..\..\..\..\mcu\apollo4p\hal\am_hal_queue.c 0x00000000   Number         0  am_hal_queue.o ABSOLUTE
    ..\..\..\..\..\mcu\apollo4p\hal\mcu\am_hal_bootrom_helper.c 0x00000000   Number         0  am_hal_bootrom_helper.o ABSOLUTE
    ..\..\..\..\..\mcu\apollo4p\hal\mcu\am_hal_cachectrl.c 0x00000000   Number         0  am_hal_cachectrl.o ABSOLUTE
    ..\..\..\..\..\mcu\apollo4p\hal\mcu\am_hal_fault.c 0x00000000   Number         0  am_hal_fault.o ABSOLUTE
    ..\..\..\..\..\mcu\apollo4p\hal\mcu\am_hal_interrupt.c 0x00000000   Number         0  am_hal_interrupt.o ABSOLUTE
    ..\..\..\..\..\mcu\apollo4p\hal\mcu\am_hal_itm.c 0x00000000   Number         0  am_hal_itm.o ABSOLUTE
    ..\..\..\..\..\mcu\apollo4p\hal\mcu\am_hal_mcuctrl.c 0x00000000   Number         0  am_hal_mcuctrl.o ABSOLUTE
    ..\..\..\..\..\mcu\apollo4p\hal\mcu\am_hal_mram.c 0x00000000   Number         0  am_hal_mram.o ABSOLUTE
    ..\..\..\..\..\mcu\apollo4p\hal\mcu\am_hal_rtc.c 0x00000000   Number         0  am_hal_rtc.o ABSOLUTE
    ..\..\..\..\..\mcu\apollo4p\hal\mcu\am_hal_sysctrl.c 0x00000000   Number         0  am_hal_sysctrl.o ABSOLUTE
    ..\..\..\..\..\mcu\apollo4p\hal\mcu\am_hal_tpiu.c 0x00000000   Number         0  am_hal_tpiu.o ABSOLUTE
    ..\..\..\..\..\mcu\apollo4p\hal\mcu\am_hal_uart.c 0x00000000   Number         0  am_hal_uart.o ABSOLUTE
    ..\..\..\..\..\mcu\apollo4p\hal\mcu\am_hal_utils.c 0x00000000   Number         0  am_hal_utils.o ABSOLUTE
    ..\am_bsp.c                              0x00000000   Number         0  am_bsp.o ABSOLUTE
    ..\am_bsp_pins.c                         0x00000000   Number         0  am_bsp_pins.o ABSOLUTE
    adc_vbatt.c                              0x00000000   Number         0  adc_vbatt.o ABSOLUTE
    am_devices_led.c                         0x00000000   Number         0  am_devices_led.o ABSOLUTE
    am_resources.c                           0x00000000   Number         0  am_resources.o ABSOLUTE
    am_util_delay.c                          0x00000000   Number         0  am_util_delay.o ABSOLUTE
    am_util_faultisr.c                       0x00000000   Number         0  am_util_faultisr.o ABSOLUTE
    am_util_stdio.c                          0x00000000   Number         0  am_util_stdio.o ABSOLUTE
    dc.s                                     0x00000000   Number         0  dc.o ABSOLUTE
    RESET                                    0x00018000   Section      564  startup_keil.o(RESET)
    $v0                                      0x00018200   Number         0  startup_keil.o(RESET)
    am_cryptosec_isr                         0x0001822f   Thumb Code     0  startup_keil.o(RESET)
    am_default_isr                           0x0001822f   Thumb Code     2  startup_keil.o(RESET)
    !!!main                                  0x00018234   Section        8  __main.o(!!!main)
    !!!scatter                               0x0001823c   Section       92  __scatter.o(!!!scatter)
    !!dczerorl                               0x00018298   Section       58  __dczerorl.o(!!dczerorl)
    !!handler_copy                           0x000182d4   Section       26  __scatter_copy.o(!!handler_copy)
    !!handler_null                           0x000182f0   Section        2  __scatter.o(!!handler_null)
    !!handler_zi                             0x000182f4   Section       28  __scatter_zi.o(!!handler_zi)
    .ARM.Collect$$libinit$$00000000          0x00018310   Section        2  libinit.o(.ARM.Collect$$libinit$$00000000)
    .ARM.Collect$$libinit$$00000001          0x00018312   Section        4  libinit2.o(.ARM.Collect$$libinit$$00000001)
    .ARM.Collect$$libinit$$00000004          0x00018316   Section        0  libinit2.o(.ARM.Collect$$libinit$$00000004)
    .ARM.Collect$$libinit$$00000006          0x00018316   Section        0  libinit2.o(.ARM.Collect$$libinit$$00000006)
    .ARM.Collect$$libinit$$0000000C          0x00018316   Section        0  libinit2.o(.ARM.Collect$$libinit$$0000000C)
    .ARM.Collect$$libinit$$0000000E          0x00018316   Section        0  libinit2.o(.ARM.Collect$$libinit$$0000000E)
    .ARM.Collect$$libinit$$00000010          0x00018316   Section        0  libinit2.o(.ARM.Collect$$libinit$$00000010)
    .ARM.Collect$$libinit$$00000013          0x00018316   Section        0  libinit2.o(.ARM.Collect$$libinit$$00000013)
    .ARM.Collect$$libinit$$00000015          0x00018316   Section        0  libinit2.o(.ARM.Collect$$libinit$$00000015)
    .ARM.Collect$$libinit$$00000017          0x00018316   Section        0  libinit2.o(.ARM.Collect$$libinit$$00000017)
    .ARM.Collect$$libinit$$00000019          0x00018316   Section        0  libinit2.o(.ARM.Collect$$libinit$$00000019)
    .ARM.Collect$$libinit$$0000001B          0x00018316   Section        0  libinit2.o(.ARM.Collect$$libinit$$0000001B)
    .ARM.Collect$$libinit$$0000001D          0x00018316   Section        0  libinit2.o(.ARM.Collect$$libinit$$0000001D)
    .ARM.Collect$$libinit$$0000001F          0x00018316   Section        0  libinit2.o(.ARM.Collect$$libinit$$0000001F)
    .ARM.Collect$$libinit$$00000021          0x00018316   Section        0  libinit2.o(.ARM.Collect$$libinit$$00000021)
    .ARM.Collect$$libinit$$00000023          0x00018316   Section        0  libinit2.o(.ARM.Collect$$libinit$$00000023)
    .ARM.Collect$$libinit$$00000025          0x00018316   Section        0  libinit2.o(.ARM.Collect$$libinit$$00000025)
    .ARM.Collect$$libinit$$00000027          0x00018316   Section        0  libinit2.o(.ARM.Collect$$libinit$$00000027)
    .ARM.Collect$$libinit$$0000002E          0x00018316   Section        0  libinit2.o(.ARM.Collect$$libinit$$0000002E)
    .ARM.Collect$$libinit$$00000030          0x00018316   Section        0  libinit2.o(.ARM.Collect$$libinit$$00000030)
    .ARM.Collect$$libinit$$00000032          0x00018316   Section        0  libinit2.o(.ARM.Collect$$libinit$$00000032)
    .ARM.Collect$$libinit$$00000034          0x00018316   Section        0  libinit2.o(.ARM.Collect$$libinit$$00000034)
    .ARM.Collect$$libinit$$00000035          0x00018316   Section        2  libinit2.o(.ARM.Collect$$libinit$$00000035)
    .ARM.Collect$$libshutdown$$00000000      0x00018318   Section        2  libshutdown.o(.ARM.Collect$$libshutdown$$00000000)
    .ARM.Collect$$libshutdown$$00000002      0x0001831a   Section        0  libshutdown2.o(.ARM.Collect$$libshutdown$$00000002)
    .ARM.Collect$$libshutdown$$00000004      0x0001831a   Section        0  libshutdown2.o(.ARM.Collect$$libshutdown$$00000004)
    .ARM.Collect$$libshutdown$$00000007      0x0001831a   Section        0  libshutdown2.o(.ARM.Collect$$libshutdown$$00000007)
    .ARM.Collect$$libshutdown$$0000000A      0x0001831a   Section        0  libshutdown2.o(.ARM.Collect$$libshutdown$$0000000A)
    .ARM.Collect$$libshutdown$$0000000C      0x0001831a   Section        0  libshutdown2.o(.ARM.Collect$$libshutdown$$0000000C)
    .ARM.Collect$$libshutdown$$0000000F      0x0001831a   Section        0  libshutdown2.o(.ARM.Collect$$libshutdown$$0000000F)
    .ARM.Collect$$libshutdown$$00000010      0x0001831a   Section        2  libshutdown2.o(.ARM.Collect$$libshutdown$$00000010)
    .ARM.Collect$$rtentry$$00000000          0x0001831c   Section        0  __rtentry.o(.ARM.Collect$$rtentry$$00000000)
    .ARM.Collect$$rtentry$$00000002          0x0001831c   Section        0  __rtentry2.o(.ARM.Collect$$rtentry$$00000002)
    .ARM.Collect$$rtentry$$00000004          0x0001831c   Section        6  __rtentry4.o(.ARM.Collect$$rtentry$$00000004)
    .ARM.Collect$$rtentry$$00000009          0x00018322   Section        0  __rtentry2.o(.ARM.Collect$$rtentry$$00000009)
    .ARM.Collect$$rtentry$$0000000A          0x00018322   Section        4  __rtentry2.o(.ARM.Collect$$rtentry$$0000000A)
    .ARM.Collect$$rtentry$$0000000C          0x00018326   Section        0  __rtentry2.o(.ARM.Collect$$rtentry$$0000000C)
    .ARM.Collect$$rtentry$$0000000D          0x00018326   Section        8  __rtentry2.o(.ARM.Collect$$rtentry$$0000000D)
    .ARM.Collect$$rtexit$$00000000           0x0001832e   Section        2  rtexit.o(.ARM.Collect$$rtexit$$00000000)
    .ARM.Collect$$rtexit$$00000002           0x00018330   Section        0  rtexit2.o(.ARM.Collect$$rtexit$$00000002)
    .ARM.Collect$$rtexit$$00000003           0x00018330   Section        4  rtexit2.o(.ARM.Collect$$rtexit$$00000003)
    .ARM.Collect$$rtexit$$00000004           0x00018334   Section        6  rtexit2.o(.ARM.Collect$$rtexit$$00000004)
    $v0                                      0x0001833c   Number         0  am_hal_interrupt.o(.emb_text)
    .emb_text                                0x0001833c   Section       22  am_hal_interrupt.o(.emb_text)
    $v0                                      0x00018354   Number         0  startup_keil.o(.text)
    .text                                    0x00018354   Section       24  startup_keil.o(.text)
    .text                                    0x0001836c   Section       38  llshl.o(.text)
    .text                                    0x00018392   Section       38  llushr.o(.text)
    .text                                    0x000183b8   Section        0  heapauxi.o(.text)
    .text                                    0x000183be   Section       74  sys_stackheap_outer.o(.text)
    .text                                    0x00018408   Section        0  exit.o(.text)
    .text                                    0x0001841c   Section        8  libspace.o(.text)
    .text                                    0x00018424   Section        0  sys_exit.o(.text)
    .text                                    0x00018430   Section        2  use_no_semi.o(.text)
    .text                                    0x00018432   Section        0  indicate_semi.o(.text)
    [Anonymous Symbol]                       0x00018434   Section        0  am_util_faultisr.o(.text.HardFault_Handler)
    [Anonymous Symbol]                       0x00018450   Section        0  adc_vbatt.o(.text.adc_init)
    [Anonymous Symbol]                       0x000185d4   Section        0  adc_vbatt.o(.text.am_adc_isr)
    [Anonymous Symbol]                       0x00018680   Section        0  am_devices_led.o(.text.am_devices_led_array_init)
    [Anonymous Symbol]                       0x000186a8   Section        0  am_devices_led.o(.text.am_devices_led_init)
    [Anonymous Symbol]                       0x00018708   Section        0  am_devices_led.o(.text.am_devices_led_off)
    [Anonymous Symbol]                       0x0001873c   Section        0  am_devices_led.o(.text.am_devices_led_on)
    [Anonymous Symbol]                       0x0001876c   Section        0  am_devices_led.o(.text.am_devices_led_toggle)
    [Anonymous Symbol]                       0x000187c4   Section        0  am_util_faultisr.o(.text.am_util_faultisr_collect_data)
    [Anonymous Symbol]                       0x00018870   Section        0  am_util_stdio.o(.text.am_util_stdio_printf)
    [Anonymous Symbol]                       0x000188b8   Section        0  am_util_stdio.o(.text.am_util_stdio_printf_init)
    [Anonymous Symbol]                       0x000188c4   Section        0  am_util_stdio.o(.text.am_util_stdio_terminal_clear)
    [Anonymous Symbol]                       0x000188e0   Section        0  am_util_stdio.o(.text.am_util_stdio_vsprintf)
    [Anonymous Symbol]                       0x00019450   Section        0  am_util_faultisr.o(.text.getStackedReg)
    [Anonymous Symbol]                       0x00019458   Section        0  adc_vbatt.o(.text.main)
    ForceFIFOpop                             0x00019891   Thumb Code   132  am_hal_adc.o(i.ForceFIFOpop)
    i.ForceFIFOpop                           0x00019890   Section        0  am_hal_adc.o(i.ForceFIFOpop)
    i.__ARM_common_memcpy4_5                 0x0001991c   Section        0  am_hal_cachectrl.o(i.__ARM_common_memcpy4_5)
    i.am_bsp_itm_printf_enable               0x00019928   Section        0  am_bsp.o(i.am_bsp_itm_printf_enable)
    i.am_bsp_low_power_init                  0x000199a0   Section        0  am_bsp.o(i.am_bsp_low_power_init)
    i.am_hal_adc_configure                   0x000199b8   Section        0  am_hal_adc.o(i.am_hal_adc_configure)
    i.am_hal_adc_configure_irtt              0x00019a34   Section        0  am_hal_adc.o(i.am_hal_adc_configure_irtt)
    i.am_hal_adc_configure_slot              0x00019a70   Section        0  am_hal_adc.o(i.am_hal_adc_configure_slot)
    i.am_hal_adc_control                     0x00019b00   Section        0  am_hal_adc.o(i.am_hal_adc_control)
    i.am_hal_adc_enable                      0x00019c28   Section        0  am_hal_adc.o(i.am_hal_adc_enable)
    i.am_hal_adc_initialize                  0x00019c90   Section        0  am_hal_adc.o(i.am_hal_adc_initialize)
    i.am_hal_adc_interrupt_clear             0x00019db0   Section        0  am_hal_adc.o(i.am_hal_adc_interrupt_clear)
    i.am_hal_adc_interrupt_enable            0x00019ddc   Section        0  am_hal_adc.o(i.am_hal_adc_interrupt_enable)
    i.am_hal_adc_interrupt_status            0x00019e10   Section        0  am_hal_adc.o(i.am_hal_adc_interrupt_status)
    i.am_hal_adc_irtt_enable                 0x00019e4c   Section        0  am_hal_adc.o(i.am_hal_adc_irtt_enable)
    i.am_hal_adc_power_control               0x00019eac   Section        0  am_hal_adc.o(i.am_hal_adc_power_control)
    i.am_hal_adc_samples_read                0x00019fb4   Section        0  am_hal_adc.o(i.am_hal_adc_samples_read)
    i.am_hal_adc_sw_trigger                  0x0001a1e4   Section        0  am_hal_adc.o(i.am_hal_adc_sw_trigger)
    i.am_hal_cachectrl_config                0x0001a210   Section        0  am_hal_cachectrl.o(i.am_hal_cachectrl_config)
    i.am_hal_cachectrl_enable                0x0001a258   Section        0  am_hal_cachectrl.o(i.am_hal_cachectrl_enable)
    i.am_hal_daxi_config                     0x0001a270   Section        0  am_hal_cachectrl.o(i.am_hal_daxi_config)
    i.am_hal_daxi_control                    0x0001a308   Section        0  am_hal_cachectrl.o(i.am_hal_daxi_control)
    i.am_hal_dcu_get                         0x0001a388   Section        0  am_hal_dcu.o(i.am_hal_dcu_get)
    i.am_hal_dcu_update                      0x0001a418   Section        0  am_hal_dcu.o(i.am_hal_dcu_update)
    i.am_hal_delay_us                        0x0001a4fc   Section        0  am_hal_utils.o(i.am_hal_delay_us)
    i.am_hal_delay_us_status_change          0x0001a528   Section        0  am_hal_utils.o(i.am_hal_delay_us_status_change)
    i.am_hal_delay_us_status_check           0x0001a580   Section        0  am_hal_utils.o(i.am_hal_delay_us_status_check)
    i.am_hal_fault_status_get                0x0001a5e4   Section        0  am_hal_fault.o(i.am_hal_fault_status_get)
    i.am_hal_gpio_pinconfig                  0x0001a624   Section        0  am_hal_gpio.o(i.am_hal_gpio_pinconfig)
    i.am_hal_gpio_state_read                 0x0001a678   Section        0  am_hal_gpio.o(i.am_hal_gpio_state_read)
    i.am_hal_gpio_state_write                0x0001a6c0   Section        0  am_hal_gpio.o(i.am_hal_gpio_state_write)
    i.am_hal_itm_enable                      0x0001a734   Section        0  am_hal_itm.o(i.am_hal_itm_enable)
    i.am_hal_itm_print                       0x0001a77c   Section        0  am_hal_itm.o(i.am_hal_itm_print)
    i.am_hal_mcuctrl_status_get              0x0001a7ac   Section        0  am_hal_mcuctrl.o(i.am_hal_mcuctrl_status_get)
    i.am_hal_mram_info_read                  0x0001a7fc   Section        0  am_hal_mram.o(i.am_hal_mram_info_read)
    i.am_hal_pwrctrl_control                 0x0001a86c   Section        0  am_hal_pwrctrl.o(i.am_hal_pwrctrl_control)
    i.am_hal_pwrctrl_low_power_init          0x0001aa94   Section        0  am_hal_pwrctrl.o(i.am_hal_pwrctrl_low_power_init)
    i.am_hal_pwrctrl_mcu_memory_config       0x0001abb8   Section        0  am_hal_pwrctrl.o(i.am_hal_pwrctrl_mcu_memory_config)
    i.am_hal_pwrctrl_periph_disable          0x0001acd4   Section        0  am_hal_pwrctrl.o(i.am_hal_pwrctrl_periph_disable)
    i.am_hal_pwrctrl_periph_enable           0x0001ae00   Section        0  am_hal_pwrctrl.o(i.am_hal_pwrctrl_periph_enable)
    i.am_hal_pwrctrl_sram_config             0x0001aeb4   Section        0  am_hal_pwrctrl.o(i.am_hal_pwrctrl_sram_config)
    i.am_hal_rtc_osc_disable                 0x0001af5c   Section        0  am_hal_rtc.o(i.am_hal_rtc_osc_disable)
    i.am_hal_sysctrl_fpu_enable              0x0001af70   Section        0  am_hal_sysctrl.o(i.am_hal_sysctrl_fpu_enable)
    i.am_hal_sysctrl_fpu_stacking_enable     0x0001af80   Section        0  am_hal_sysctrl.o(i.am_hal_sysctrl_fpu_stacking_enable)
    i.am_hal_sysctrl_sleep                   0x0001afb0   Section        0  am_hal_sysctrl.o(i.am_hal_sysctrl_sleep)
    i.am_hal_tpiu_enable                     0x0001b098   Section        0  am_hal_tpiu.o(i.am_hal_tpiu_enable)
    i.buck_ldo_update_override               0x0001b104   Section        0  am_hal_pwrctrl.o(i.buck_ldo_update_override)
    copy_words                               0x0001b125   Thumb Code    40  am_hal_dcu.o(i.copy_words)
    i.copy_words                             0x0001b124   Section        0  am_hal_dcu.o(i.copy_words)
    i.crypto_boost_trims                     0x0001b14c   Section        0  am_hal_pwrctrl.o(i.crypto_boost_trims)
    $v0                                      0x0001b1fc   Number         0  d2f.o(x$fpl$d2f)
    x$fpl$d2f                                0x0001b1fc   Section       98  d2f.o(x$fpl$d2f)
    $v0                                      0x0001b25e   Number         0  dnaninf.o(x$fpl$dnaninf)
    x$fpl$dnaninf                            0x0001b25e   Section      156  dnaninf.o(x$fpl$dnaninf)
    $v0                                      0x0001b2fa   Number         0  dretinf.o(x$fpl$dretinf)
    x$fpl$dretinf                            0x0001b2fa   Section       12  dretinf.o(x$fpl$dretinf)
    $v0                                      0x0001b308   Number         0  f2d.o(x$fpl$f2d)
    x$fpl$f2d                                0x0001b308   Section       86  f2d.o(x$fpl$f2d)
    $v0                                      0x0001b35e   Number         0  fnaninf.o(x$fpl$fnaninf)
    x$fpl$fnaninf                            0x0001b35e   Section      140  fnaninf.o(x$fpl$fnaninf)
    $v0                                      0x0001b3ea   Number         0  fpinit.o(x$fpl$fpinit)
    x$fpl$fpinit                             0x0001b3ea   Section       26  fpinit.o(x$fpl$fpinit)
    $v0                                      0x0001b404   Number         0  fretinf.o(x$fpl$fretinf)
    x$fpl$fretinf                            0x0001b404   Section       10  fretinf.o(x$fpl$fretinf)
    .constdata                               0x0001b40e   Section        3  am_hal_cachectrl.o(.constdata)
    x$fpl$usenofp                            0x0001b40e   Section        0  usenofp.o(x$fpl$usenofp)
    .constdata                               0x0001b411   Section        5  am_hal_cachectrl.o(.constdata)
    .constdata                               0x0001b418   Section        4  am_hal_gpio.o(.constdata)
    .constdata                               0x0001b41c   Section        4  am_hal_gpio.o(.constdata)
    .constdata                               0x0001b420   Section        4  am_hal_gpio.o(.constdata)
    g_ui32DSpintbl                           0x0001b424   Data          16  am_hal_gpio.o(.constdata)
    .constdata                               0x0001b424   Section       16  am_hal_gpio.o(.constdata)
    .constdata                               0x0001b434   Section       40  am_hal_bootrom_helper.o(.constdata)
    .constdata                               0x0001b45c   Section      658  am_hal_pwrctrl.o(.constdata)
    g_VDDF_trimstbl                          0x0001b688   Data          30  am_hal_pwrctrl.o(.constdata)
    g_VDDFLP_trimstbl                        0x0001b6a6   Data          30  am_hal_pwrctrl.o(.constdata)
    g_memlpldo_trimstbl                      0x0001b6c4   Data          42  am_hal_pwrctrl.o(.constdata)
    g_sADC_Cfg                               0x0001b6ee   Data           7  adc_vbatt.o(.rodata.g_sADC_Cfg)
    [Anonymous Symbol]                       0x0001b6ee   Section        0  adc_vbatt.o(.rodata.g_sADC_Cfg)
    __tagsym$$used.7                         0x0001b6f8   Number         0  am_resources.o(.rodata.sGlobalAccess)
    .L.str.16                                0x0001b714   Data          35  adc_vbatt.o(.rodata.str1.1)
    [Anonymous Symbol]                       0x0001b714   Section        0  adc_vbatt.o(.rodata.str1.1)
    .L.str.25                                0x0001b737   Data          49  adc_vbatt.o(.rodata.str1.1)
    .L.str.26                                0x0001b768   Data          49  adc_vbatt.o(.rodata.str1.1)
    .L.str.2                                 0x0001b799   Data          44  adc_vbatt.o(.rodata.str1.1)
    .L.str.4                                 0x0001b7c5   Data          44  adc_vbatt.o(.rodata.str1.1)
    .L.str.7                                 0x0001b7f1   Data          20  adc_vbatt.o(.rodata.str1.1)
    .L.str.8                                 0x0001b805   Data          20  adc_vbatt.o(.rodata.str1.1)
    .L.str.9                                 0x0001b819   Data          20  adc_vbatt.o(.rodata.str1.1)
    .L.str.10                                0x0001b82d   Data          20  adc_vbatt.o(.rodata.str1.1)
    .L.str.11                                0x0001b841   Data          20  adc_vbatt.o(.rodata.str1.1)
    .L.str.12                                0x0001b855   Data          20  adc_vbatt.o(.rodata.str1.1)
    .L.str.13                                0x0001b869   Data          20  adc_vbatt.o(.rodata.str1.1)
    .L.str.14                                0x0001b87d   Data          20  adc_vbatt.o(.rodata.str1.1)
    .L.str.6                                 0x0001b891   Data          24  adc_vbatt.o(.rodata.str1.1)
    .L.str.24                                0x0001b8a9   Data          39  adc_vbatt.o(.rodata.str1.1)
    .L.str.5                                 0x0001b8ce   Data           2  adc_vbatt.o(.rodata.str1.1)
    .L.str.23                                0x0001b8d0   Data          34  adc_vbatt.o(.rodata.str1.1)
    .L.str.22                                0x0001b8f2   Data          24  adc_vbatt.o(.rodata.str1.1)
    __tagsym$$used.1                         0x0001b90c   Number         0  am_resources.o(.rodata.ui32DSP0Allowed)
    __tagsym$$used.2                         0x0001b920   Number         0  am_resources.o(.rodata.ui32DSP1Allowed)
    __tagsym$$used.0                         0x0001b934   Number         0  am_resources.o(.rodata.ui32MCUAllowed)
    __tagsym$$used.3                         0x0001b948   Number         0  am_resources.o(.rodata.ui32SharedAccess)
    .data                                    0x10000000   Section        4  am_hal_global.o(.data)
    .data                                    0x10000004   Section        5  am_hal_cachectrl.o(.data)
    .data                                    0x1000000c   Section       12  am_hal_adc.o(.data)
    g_fTempEqnTerms                          0x10000010   Data           4  am_hal_adc.o(.data)
    .data                                    0x10000018   Section       24  am_bsp.o(.data)
    g_ePrintInterface                        0x10000030   Data           1  am_bsp.o(.data)
    .data                                    0x10000030   Section        8  am_bsp.o(.data)
    g_sCOMUART                               0x10000034   Data           4  am_bsp.o(.data)
    .data                                    0x10000038   Section        4  am_bsp_pins.o(.data)
    .data                                    0x1000003c   Section        4  am_bsp_pins.o(.data)
    .data                                    0x10000040   Section       32  am_hal_dcu.o(.data)
    .data                                    0x10000060   Section       60  am_hal_pwrctrl.o(.data)
    g_bOrigTrimsStored                       0x10000061   Data           1  am_hal_pwrctrl.o(.data)
    g_bBoostForCryptoApplied                 0x10000062   Data           1  am_hal_pwrctrl.o(.data)
    g_bTempcoValid                           0x10000063   Data           1  am_hal_pwrctrl.o(.data)
    g_ui16TempcoTEMP_code                    0x10000064   Data           2  am_hal_pwrctrl.o(.data)
    g_orig_ACTTRIMVDDF                       0x10000070   Data           4  am_hal_pwrctrl.o(.data)
    g_orig_MEMLDOACTIVETRIM                  0x10000074   Data           4  am_hal_pwrctrl.o(.data)
    g_orig_LPTRIMVDDF                        0x10000078   Data           4  am_hal_pwrctrl.o(.data)
    g_orig_MEMLPLDOTRIM                      0x1000007c   Data           4  am_hal_pwrctrl.o(.data)
    g_orig_TVRGVREFTRIM                      0x10000080   Data           4  am_hal_pwrctrl.o(.data)
    g_ui32VDDFAdjustCodes                    0x10000084   Data           4  am_hal_pwrctrl.o(.data)
    g_i32LatestVddfActTrim                   0x10000088   Data           4  am_hal_pwrctrl.o(.data)
    g_i32LatestLDOActTrim                    0x1000008c   Data           4  am_hal_pwrctrl.o(.data)
    g_TempcoADCHandle                        0x10000090   Data           4  am_hal_pwrctrl.o(.data)
    g_ui32TempcoADCslot                      0x10000094   Data           4  am_hal_pwrctrl.o(.data)
    g_pfTempMeasured                         0x10000098   Data           4  am_hal_pwrctrl.o(.data)
    priv_temp_trims                          0x100000a0   Data          16  am_hal_adc.o(.bss)
    .bss                                     0x100000a0   Section       96  am_hal_adc.o(.bss)
    priv_correction_trims                    0x100000b0   Data          12  am_hal_adc.o(.bss)
    .bss                                     0x10000100   Section       96  libspace.o(.bss)
    g_ADCHandle                              0x10000160   Data           4  adc_vbatt.o(.bss.g_ADCHandle)
    [Anonymous Symbol]                       0x10000160   Section        0  adc_vbatt.o(.bss.g_ADCHandle)
    g_bTxtXlate                              0x10000164   Data           1  am_util_stdio.o(.bss.g_bTxtXlate)
    [Anonymous Symbol]                       0x10000164   Section        0  am_util_stdio.o(.bss.g_bTxtXlate)
    g_prfbuf                                 0x1000016c   Data        1024  am_util_stdio.o(.bss.g_prfbuf)
    [Anonymous Symbol]                       0x1000016c   Section        0  am_util_stdio.o(.bss.g_prfbuf)
    HeapMem                                  0x10000578   Data           0  startup_keil.o(HEAP)
    StackMem                                 0x10000578   Data           0  startup_keil.o(STACK)
    HEAP                                     0x10000578   Section        0  startup_keil.o(HEAP)
    STACK                                    0x10000578   Section     4096  startup_keil.o(STACK)
    __tagsym$$used.8                         0x10060000   Number         0  am_resources.o(RESOURCE_TABLE)
    __tagsym$$used.0                         0x10060004   Number         0  adc_vbatt.o(SHARED_RW)
    __tagsym$$used.4                         0x10060054   Number         0  am_resources.o(SHARED_RW)
    __tagsym$$used.5                         0x10060068   Number         0  am_resources.o(SHARED_RW)
    __tagsym$$used.6                         0x1006007c   Number         0  am_resources.o(SHARED_RW)

    Global Symbols

    Symbol Name                              Value     Ov Type        Size  Object(Section)

    BuildAttributes$$THM_ISAv4$E$P$D$K$B$S$7EM$VFPi3$EXTD16$VFPS$VFMA$PE$A:L22UL41UL21$X:L11$S22US41US21$IEEE1$IW$~IW$USESV6$~STKCKD$USESV7$~SHL$OTIME$ROPI$EBA8$UX$STANDARDLIB$REQ8$PRES8$EABIv2 0x00000000   Number         0  anon$$obj.o ABSOLUTE
    __ARM_exceptions_init                     - Undefined Weak Reference
    __alloca_initialize                       - Undefined Weak Reference
    __arm_preinit_                            - Undefined Weak Reference
    __arm_relocate_pie_                       - Undefined Weak Reference
    __cpp_initialize__aeabi_                  - Undefined Weak Reference
    __cxa_finalize                            - Undefined Weak Reference
    __rt_locale                               - Undefined Weak Reference
    __sigvec_lookup                           - Undefined Weak Reference
    _atexit_init                              - Undefined Weak Reference
    _call_atexit_fns                          - Undefined Weak Reference
    _clock_init                               - Undefined Weak Reference
    _fp_trap_init                             - Undefined Weak Reference
    _fp_trap_shutdown                         - Undefined Weak Reference
    _get_lc_collate                           - Undefined Weak Reference
    _get_lc_ctype                             - Undefined Weak Reference
    _get_lc_monetary                          - Undefined Weak Reference
    _get_lc_numeric                           - Undefined Weak Reference
    _get_lc_time                              - Undefined Weak Reference
    _getenv_init                              - Undefined Weak Reference
    _handle_redirection                       - Undefined Weak Reference
    _init_alloc                               - Undefined Weak Reference
    _init_user_alloc                          - Undefined Weak Reference
    _initio                                   - Undefined Weak Reference
    _rand_init                                - Undefined Weak Reference
    _signal_finish                            - Undefined Weak Reference
    _signal_init                              - Undefined Weak Reference
    _terminate_alloc                          - Undefined Weak Reference
    _terminate_user_alloc                     - Undefined Weak Reference
    _terminateio                              - Undefined Weak Reference
    __Vectors                                0x00018000   Data           0  startup_keil.o(RESET)
    __Patchable                              0x00018190   Data           0  startup_keil.o(RESET)
    Reset_Handler                            0x00018201   Thumb Code    28  startup_keil.o(RESET)
    NMI_Handler                              0x0001821f   Thumb Code     2  startup_keil.o(RESET)
    MemManage_Handler                        0x00018221   Thumb Code     2  startup_keil.o(RESET)
    BusFault_Handler                         0x00018223   Thumb Code     2  startup_keil.o(RESET)
    UsageFault_Handler                       0x00018225   Thumb Code     2  startup_keil.o(RESET)
    SVC_Handler                              0x00018227   Thumb Code     2  startup_keil.o(RESET)
    DebugMon_Handler                         0x00018229   Thumb Code     2  startup_keil.o(RESET)
    PendSV_Handler                           0x0001822b   Thumb Code     2  startup_keil.o(RESET)
    SysTick_Handler                          0x0001822d   Thumb Code     2  startup_keil.o(RESET)
    am_audadc0_isr                           0x0001822f   Thumb Code     0  startup_keil.o(RESET)
    am_brownout_isr                          0x0001822f   Thumb Code     0  startup_keil.o(RESET)
    am_cachecpu_isr                          0x0001822f   Thumb Code     0  startup_keil.o(RESET)
    am_clkgen_isr                            0x0001822f   Thumb Code     0  startup_keil.o(RESET)
    am_ctimer_isr                            0x0001822f   Thumb Code     0  startup_keil.o(RESET)
    am_disp_isr                              0x0001822f   Thumb Code     0  startup_keil.o(RESET)
    am_dsi_isr                               0x0001822f   Thumb Code     0  startup_keil.o(RESET)
    am_dspi2s0_isr                           0x0001822f   Thumb Code     0  startup_keil.o(RESET)
    am_dspi2s1_isr                           0x0001822f   Thumb Code     0  startup_keil.o(RESET)
    am_dspi2s2_isr                           0x0001822f   Thumb Code     0  startup_keil.o(RESET)
    am_dspi2s3_isr                           0x0001822f   Thumb Code     0  startup_keil.o(RESET)
    am_gpio0_001f_isr                        0x0001822f   Thumb Code     0  startup_keil.o(RESET)
    am_gpio0_203f_isr                        0x0001822f   Thumb Code     0  startup_keil.o(RESET)
    am_gpio0_405f_isr                        0x0001822f   Thumb Code     0  startup_keil.o(RESET)
    am_gpio0_607f_isr                        0x0001822f   Thumb Code     0  startup_keil.o(RESET)
    am_gpio1_001f_isr                        0x0001822f   Thumb Code     0  startup_keil.o(RESET)
    am_gpio1_203f_isr                        0x0001822f   Thumb Code     0  startup_keil.o(RESET)
    am_gpio1_405f_isr                        0x0001822f   Thumb Code     0  startup_keil.o(RESET)
    am_gpio1_607f_isr                        0x0001822f   Thumb Code     0  startup_keil.o(RESET)
    am_gpu_isr                               0x0001822f   Thumb Code     0  startup_keil.o(RESET)
    am_iomaster0_isr                         0x0001822f   Thumb Code     0  startup_keil.o(RESET)
    am_iomaster1_isr                         0x0001822f   Thumb Code     0  startup_keil.o(RESET)
    am_iomaster2_isr                         0x0001822f   Thumb Code     0  startup_keil.o(RESET)
    am_iomaster3_isr                         0x0001822f   Thumb Code     0  startup_keil.o(RESET)
    am_iomaster4_isr                         0x0001822f   Thumb Code     0  startup_keil.o(RESET)
    am_iomaster5_isr                         0x0001822f   Thumb Code     0  startup_keil.o(RESET)
    am_iomaster6_isr                         0x0001822f   Thumb Code     0  startup_keil.o(RESET)
    am_iomaster7_isr                         0x0001822f   Thumb Code     0  startup_keil.o(RESET)
    am_ioslave_acc_isr                       0x0001822f   Thumb Code     0  startup_keil.o(RESET)
    am_ioslave_ios_isr                       0x0001822f   Thumb Code     0  startup_keil.o(RESET)
    am_mspi0_isr                             0x0001822f   Thumb Code     0  startup_keil.o(RESET)
    am_mspi1_isr                             0x0001822f   Thumb Code     0  startup_keil.o(RESET)
    am_mspi2_isr                             0x0001822f   Thumb Code     0  startup_keil.o(RESET)
    am_pdm0_isr                              0x0001822f   Thumb Code     0  startup_keil.o(RESET)
    am_pdm1_isr                              0x0001822f   Thumb Code     0  startup_keil.o(RESET)
    am_pdm2_isr                              0x0001822f   Thumb Code     0  startup_keil.o(RESET)
    am_pdm3_isr                              0x0001822f   Thumb Code     0  startup_keil.o(RESET)
    am_rtc_isr                               0x0001822f   Thumb Code     0  startup_keil.o(RESET)
    am_sdio_isr                              0x0001822f   Thumb Code     0  startup_keil.o(RESET)
    am_stimer_cmpr0_isr                      0x0001822f   Thumb Code     0  startup_keil.o(RESET)
    am_stimer_cmpr1_isr                      0x0001822f   Thumb Code     0  startup_keil.o(RESET)
    am_stimer_cmpr2_isr                      0x0001822f   Thumb Code     0  startup_keil.o(RESET)
    am_stimer_cmpr3_isr                      0x0001822f   Thumb Code     0  startup_keil.o(RESET)
    am_stimer_cmpr4_isr                      0x0001822f   Thumb Code     0  startup_keil.o(RESET)
    am_stimer_cmpr5_isr                      0x0001822f   Thumb Code     0  startup_keil.o(RESET)
    am_stimer_cmpr6_isr                      0x0001822f   Thumb Code     0  startup_keil.o(RESET)
    am_stimer_cmpr7_isr                      0x0001822f   Thumb Code     0  startup_keil.o(RESET)
    am_stimerof_isr                          0x0001822f   Thumb Code     0  startup_keil.o(RESET)
    am_timer00_isr                           0x0001822f   Thumb Code     0  startup_keil.o(RESET)
    am_timer01_isr                           0x0001822f   Thumb Code     0  startup_keil.o(RESET)
    am_timer02_isr                           0x0001822f   Thumb Code     0  startup_keil.o(RESET)
    am_timer03_isr                           0x0001822f   Thumb Code     0  startup_keil.o(RESET)
    am_timer04_isr                           0x0001822f   Thumb Code     0  startup_keil.o(RESET)
    am_timer05_isr                           0x0001822f   Thumb Code     0  startup_keil.o(RESET)
    am_timer06_isr                           0x0001822f   Thumb Code     0  startup_keil.o(RESET)
    am_timer07_isr                           0x0001822f   Thumb Code     0  startup_keil.o(RESET)
    am_timer08_isr                           0x0001822f   Thumb Code     0  startup_keil.o(RESET)
    am_timer09_isr                           0x0001822f   Thumb Code     0  startup_keil.o(RESET)
    am_timer10_isr                           0x0001822f   Thumb Code     0  startup_keil.o(RESET)
    am_timer11_isr                           0x0001822f   Thumb Code     0  startup_keil.o(RESET)
    am_timer12_isr                           0x0001822f   Thumb Code     0  startup_keil.o(RESET)
    am_timer13_isr                           0x0001822f   Thumb Code     0  startup_keil.o(RESET)
    am_timer14_isr                           0x0001822f   Thumb Code     0  startup_keil.o(RESET)
    am_timer15_isr                           0x0001822f   Thumb Code     0  startup_keil.o(RESET)
    am_uart1_isr                             0x0001822f   Thumb Code     0  startup_keil.o(RESET)
    am_uart2_isr                             0x0001822f   Thumb Code     0  startup_keil.o(RESET)
    am_uart3_isr                             0x0001822f   Thumb Code     0  startup_keil.o(RESET)
    am_uart_isr                              0x0001822f   Thumb Code     0  startup_keil.o(RESET)
    am_usb_isr                               0x0001822f   Thumb Code     0  startup_keil.o(RESET)
    am_vcomp_isr                             0x0001822f   Thumb Code     0  startup_keil.o(RESET)
    am_watchdog_isr                          0x0001822f   Thumb Code     0  startup_keil.o(RESET)
    __main                                   0x00018235   Thumb Code     8  __main.o(!!!main)
    __scatterload                            0x0001823d   Thumb Code     0  __scatter.o(!!!scatter)
    __scatterload_rt2                        0x0001823d   Thumb Code    84  __scatter.o(!!!scatter)
    __scatterload_rt2_thumb_only             0x0001823d   Thumb Code     0  __scatter.o(!!!scatter)
    __scatterload_loop                       0x00018247   Thumb Code     0  __scatter.o(!!!scatter)
    __decompress                             0x00018299   Thumb Code    58  __dczerorl.o(!!dczerorl)
    __decompress0                            0x00018299   Thumb Code     0  __dczerorl.o(!!dczerorl)
    __scatterload_copy                       0x000182d5   Thumb Code    26  __scatter_copy.o(!!handler_copy)
    __scatterload_null                       0x000182f1   Thumb Code     2  __scatter.o(!!handler_null)
    __scatterload_zeroinit                   0x000182f5   Thumb Code    28  __scatter_zi.o(!!handler_zi)
    __rt_lib_init                            0x00018311   Thumb Code     0  libinit.o(.ARM.Collect$$libinit$$00000000)
    __rt_lib_init_fp_1                       0x00018313   Thumb Code     0  libinit2.o(.ARM.Collect$$libinit$$00000001)
    __rt_lib_init_alloca_1                   0x00018317   Thumb Code     0  libinit2.o(.ARM.Collect$$libinit$$00000030)
    __rt_lib_init_argv_1                     0x00018317   Thumb Code     0  libinit2.o(.ARM.Collect$$libinit$$0000002E)
    __rt_lib_init_atexit_1                   0x00018317   Thumb Code     0  libinit2.o(.ARM.Collect$$libinit$$0000001D)
    __rt_lib_init_clock_1                    0x00018317   Thumb Code     0  libinit2.o(.ARM.Collect$$libinit$$00000023)
    __rt_lib_init_cpp_1                      0x00018317   Thumb Code     0  libinit2.o(.ARM.Collect$$libinit$$00000034)
    __rt_lib_init_exceptions_1               0x00018317   Thumb Code     0  libinit2.o(.ARM.Collect$$libinit$$00000032)
    __rt_lib_init_fp_trap_1                  0x00018317   Thumb Code     0  libinit2.o(.ARM.Collect$$libinit$$00000021)
    __rt_lib_init_getenv_1                   0x00018317   Thumb Code     0  libinit2.o(.ARM.Collect$$libinit$$00000025)
    __rt_lib_init_heap_1                     0x00018317   Thumb Code     0  libinit2.o(.ARM.Collect$$libinit$$0000000C)
    __rt_lib_init_lc_collate_1               0x00018317   Thumb Code     0  libinit2.o(.ARM.Collect$$libinit$$00000013)
    __rt_lib_init_lc_ctype_1                 0x00018317   Thumb Code     0  libinit2.o(.ARM.Collect$$libinit$$00000015)
    __rt_lib_init_lc_monetary_1              0x00018317   Thumb Code     0  libinit2.o(.ARM.Collect$$libinit$$00000017)
    __rt_lib_init_lc_numeric_1               0x00018317   Thumb Code     0  libinit2.o(.ARM.Collect$$libinit$$00000019)
    __rt_lib_init_lc_time_1                  0x00018317   Thumb Code     0  libinit2.o(.ARM.Collect$$libinit$$0000001B)
    __rt_lib_init_preinit_1                  0x00018317   Thumb Code     0  libinit2.o(.ARM.Collect$$libinit$$00000006)
    __rt_lib_init_rand_1                     0x00018317   Thumb Code     0  libinit2.o(.ARM.Collect$$libinit$$00000010)
    __rt_lib_init_relocate_pie_1             0x00018317   Thumb Code     0  libinit2.o(.ARM.Collect$$libinit$$00000004)
    __rt_lib_init_return                     0x00018317   Thumb Code     0  libinit2.o(.ARM.Collect$$libinit$$00000035)
    __rt_lib_init_signal_1                   0x00018317   Thumb Code     0  libinit2.o(.ARM.Collect$$libinit$$0000001F)
    __rt_lib_init_stdio_1                    0x00018317   Thumb Code     0  libinit2.o(.ARM.Collect$$libinit$$00000027)
    __rt_lib_init_user_alloc_1               0x00018317   Thumb Code     0  libinit2.o(.ARM.Collect$$libinit$$0000000E)
    __rt_lib_shutdown                        0x00018319   Thumb Code     0  libshutdown.o(.ARM.Collect$$libshutdown$$00000000)
    __rt_lib_shutdown_cpp_1                  0x0001831b   Thumb Code     0  libshutdown2.o(.ARM.Collect$$libshutdown$$00000002)
    __rt_lib_shutdown_fp_trap_1              0x0001831b   Thumb Code     0  libshutdown2.o(.ARM.Collect$$libshutdown$$00000007)
    __rt_lib_shutdown_heap_1                 0x0001831b   Thumb Code     0  libshutdown2.o(.ARM.Collect$$libshutdown$$0000000F)
    __rt_lib_shutdown_return                 0x0001831b   Thumb Code     0  libshutdown2.o(.ARM.Collect$$libshutdown$$00000010)
    __rt_lib_shutdown_signal_1               0x0001831b   Thumb Code     0  libshutdown2.o(.ARM.Collect$$libshutdown$$0000000A)
    __rt_lib_shutdown_stdio_1                0x0001831b   Thumb Code     0  libshutdown2.o(.ARM.Collect$$libshutdown$$00000004)
    __rt_lib_shutdown_user_alloc_1           0x0001831b   Thumb Code     0  libshutdown2.o(.ARM.Collect$$libshutdown$$0000000C)
    __rt_entry                               0x0001831d   Thumb Code     0  __rtentry.o(.ARM.Collect$$rtentry$$00000000)
    __rt_entry_presh_1                       0x0001831d   Thumb Code     0  __rtentry2.o(.ARM.Collect$$rtentry$$00000002)
    __rt_entry_sh                            0x0001831d   Thumb Code     0  __rtentry4.o(.ARM.Collect$$rtentry$$00000004)
    __rt_entry_li                            0x00018323   Thumb Code     0  __rtentry2.o(.ARM.Collect$$rtentry$$0000000A)
    __rt_entry_postsh_1                      0x00018323   Thumb Code     0  __rtentry2.o(.ARM.Collect$$rtentry$$00000009)
    __rt_entry_main                          0x00018327   Thumb Code     0  __rtentry2.o(.ARM.Collect$$rtentry$$0000000D)
    __rt_entry_postli_1                      0x00018327   Thumb Code     0  __rtentry2.o(.ARM.Collect$$rtentry$$0000000C)
    __rt_exit                                0x0001832f   Thumb Code     0  rtexit.o(.ARM.Collect$$rtexit$$00000000)
    __rt_exit_ls                             0x00018331   Thumb Code     0  rtexit2.o(.ARM.Collect$$rtexit$$00000003)
    __rt_exit_prels_1                        0x00018331   Thumb Code     0  rtexit2.o(.ARM.Collect$$rtexit$$00000002)
    __rt_exit_exit                           0x00018335   Thumb Code     0  rtexit2.o(.ARM.Collect$$rtexit$$00000004)
    am_hal_interrupt_master_enable           0x0001833d   Thumb Code     8  am_hal_interrupt.o(.emb_text)
    am_hal_interrupt_master_disable          0x00018345   Thumb Code     8  am_hal_interrupt.o(.emb_text)
    am_hal_interrupt_master_set              0x0001834d   Thumb Code     6  am_hal_interrupt.o(.emb_text)
    __user_initial_stackheap                 0x00018355   Thumb Code    10  startup_keil.o(.text)
    __aeabi_llsl                             0x0001836d   Thumb Code     0  llshl.o(.text)
    _ll_shift_l                              0x0001836d   Thumb Code    38  llshl.o(.text)
    __aeabi_llsr                             0x00018393   Thumb Code     0  llushr.o(.text)
    _ll_ushift_r                             0x00018393   Thumb Code    38  llushr.o(.text)
    __use_two_region_memory                  0x000183b9   Thumb Code     2  heapauxi.o(.text)
    __rt_heap_escrow$2region                 0x000183bb   Thumb Code     2  heapauxi.o(.text)
    __rt_heap_expand$2region                 0x000183bd   Thumb Code     2  heapauxi.o(.text)
    __user_setup_stackheap                   0x000183bf   Thumb Code    74  sys_stackheap_outer.o(.text)
    exit                                     0x00018409   Thumb Code    18  exit.o(.text)
    __user_libspace                          0x0001841d   Thumb Code     8  libspace.o(.text)
    __user_perproc_libspace                  0x0001841d   Thumb Code     0  libspace.o(.text)
    __user_perthread_libspace                0x0001841d   Thumb Code     0  libspace.o(.text)
    _sys_exit                                0x00018425   Thumb Code     8  sys_exit.o(.text)
    __I$use$semihosting                      0x00018431   Thumb Code     0  use_no_semi.o(.text)
    __use_no_semihosting_swi                 0x00018431   Thumb Code     2  use_no_semi.o(.text)
    __semihosting_library_function           0x00018433   Thumb Code     0  indicate_semi.o(.text)
    HardFault_Handler                        0x00018435   Thumb Code    26  am_util_faultisr.o(.text.HardFault_Handler)
    adc_init                                 0x00018451   Thumb Code   252  adc_vbatt.o(.text.adc_init)
    am_adc_isr                               0x000185d5   Thumb Code   170  adc_vbatt.o(.text.am_adc_isr)
    am_devices_led_array_init                0x00018681   Thumb Code    40  am_devices_led.o(.text.am_devices_led_array_init)
    am_devices_led_init                      0x000186a9   Thumb Code    94  am_devices_led.o(.text.am_devices_led_init)
    am_devices_led_off                       0x00018709   Thumb Code    50  am_devices_led.o(.text.am_devices_led_off)
    am_devices_led_on                        0x0001873d   Thumb Code    46  am_devices_led.o(.text.am_devices_led_on)
    am_devices_led_toggle                    0x0001876d   Thumb Code    86  am_devices_led.o(.text.am_devices_led_toggle)
    am_util_faultisr_collect_data            0x000187c5   Thumb Code   170  am_util_faultisr.o(.text.am_util_faultisr_collect_data)
    am_util_stdio_printf                     0x00018871   Thumb Code    70  am_util_stdio.o(.text.am_util_stdio_printf)
    am_util_stdio_printf_init                0x000188b9   Thumb Code    12  am_util_stdio.o(.text.am_util_stdio_printf_init)
    am_util_stdio_terminal_clear             0x000188c5   Thumb Code     8  am_util_stdio.o(.text.am_util_stdio_terminal_clear)
    am_util_stdio_vsprintf                   0x000188e1   Thumb Code  2928  am_util_stdio.o(.text.am_util_stdio_vsprintf)
    getStackedReg                            0x00019451   Thumb Code     8  am_util_faultisr.o(.text.getStackedReg)
    main                                     0x00019459   Thumb Code   908  adc_vbatt.o(.text.main)
    __ARM_common_memcpy4_5                   0x0001991d   Thumb Code    10  am_hal_cachectrl.o(i.__ARM_common_memcpy4_5)
    am_bsp_itm_printf_enable                 0x00019929   Thumb Code    96  am_bsp.o(i.am_bsp_itm_printf_enable)
    am_bsp_low_power_init                    0x000199a1   Thumb Code    22  am_bsp.o(i.am_bsp_low_power_init)
    am_hal_adc_configure                     0x000199b9   Thumb Code   116  am_hal_adc.o(i.am_hal_adc_configure)
    am_hal_adc_configure_irtt                0x00019a35   Thumb Code    52  am_hal_adc.o(i.am_hal_adc_configure_irtt)
    am_hal_adc_configure_slot                0x00019a71   Thumb Code   130  am_hal_adc.o(i.am_hal_adc_configure_slot)
    am_hal_adc_control                       0x00019b01   Thumb Code   258  am_hal_adc.o(i.am_hal_adc_control)
    am_hal_adc_enable                        0x00019c29   Thumb Code    94  am_hal_adc.o(i.am_hal_adc_enable)
    am_hal_adc_initialize                    0x00019c91   Thumb Code   252  am_hal_adc.o(i.am_hal_adc_initialize)
    am_hal_adc_interrupt_clear               0x00019db1   Thumb Code    36  am_hal_adc.o(i.am_hal_adc_interrupt_clear)
    am_hal_adc_interrupt_enable              0x00019ddd   Thumb Code    42  am_hal_adc.o(i.am_hal_adc_interrupt_enable)
    am_hal_adc_interrupt_status              0x00019e11   Thumb Code    52  am_hal_adc.o(i.am_hal_adc_interrupt_status)
    am_hal_adc_irtt_enable                   0x00019e4d   Thumb Code    88  am_hal_adc.o(i.am_hal_adc_irtt_enable)
    am_hal_adc_power_control                 0x00019ead   Thumb Code   254  am_hal_adc.o(i.am_hal_adc_power_control)
    am_hal_adc_samples_read                  0x00019fb5   Thumb Code   522  am_hal_adc.o(i.am_hal_adc_samples_read)
    am_hal_adc_sw_trigger                    0x0001a1e5   Thumb Code    36  am_hal_adc.o(i.am_hal_adc_sw_trigger)
    am_hal_cachectrl_config                  0x0001a211   Thumb Code    72  am_hal_cachectrl.o(i.am_hal_cachectrl_config)
    am_hal_cachectrl_enable                  0x0001a259   Thumb Code    24  am_hal_cachectrl.o(i.am_hal_cachectrl_enable)
    am_hal_daxi_config                       0x0001a271   Thumb Code   144  am_hal_cachectrl.o(i.am_hal_daxi_config)
    am_hal_daxi_control                      0x0001a309   Thumb Code   118  am_hal_cachectrl.o(i.am_hal_daxi_control)
    am_hal_dcu_get                           0x0001a389   Thumb Code   132  am_hal_dcu.o(i.am_hal_dcu_get)
    am_hal_dcu_update                        0x0001a419   Thumb Code   214  am_hal_dcu.o(i.am_hal_dcu_update)
    am_hal_delay_us                          0x0001a4fd   Thumb Code    34  am_hal_utils.o(i.am_hal_delay_us)
    am_hal_delay_us_status_change            0x0001a529   Thumb Code    80  am_hal_utils.o(i.am_hal_delay_us_status_change)
    am_hal_delay_us_status_check             0x0001a581   Thumb Code    92  am_hal_utils.o(i.am_hal_delay_us_status_check)
    am_hal_fault_status_get                  0x0001a5e5   Thumb Code    62  am_hal_fault.o(i.am_hal_fault_status_get)
    am_hal_gpio_pinconfig                    0x0001a625   Thumb Code    76  am_hal_gpio.o(i.am_hal_gpio_pinconfig)
    am_hal_gpio_state_read                   0x0001a679   Thumb Code    60  am_hal_gpio.o(i.am_hal_gpio_state_read)
    am_hal_gpio_state_write                  0x0001a6c1   Thumb Code   114  am_hal_gpio.o(i.am_hal_gpio_state_write)
    am_hal_itm_enable                        0x0001a735   Thumb Code    44  am_hal_itm.o(i.am_hal_itm_enable)
    am_hal_itm_print                         0x0001a77d   Thumb Code    48  am_hal_itm.o(i.am_hal_itm_print)
    am_hal_mcuctrl_status_get                0x0001a7ad   Thumb Code    76  am_hal_mcuctrl.o(i.am_hal_mcuctrl_status_get)
    am_hal_mram_info_read                    0x0001a7fd   Thumb Code   108  am_hal_mram.o(i.am_hal_mram_info_read)
    am_hal_pwrctrl_control                   0x0001a86d   Thumb Code   532  am_hal_pwrctrl.o(i.am_hal_pwrctrl_control)
    am_hal_pwrctrl_low_power_init            0x0001aa95   Thumb Code   262  am_hal_pwrctrl.o(i.am_hal_pwrctrl_low_power_init)
    am_hal_pwrctrl_mcu_memory_config         0x0001abb9   Thumb Code   276  am_hal_pwrctrl.o(i.am_hal_pwrctrl_mcu_memory_config)
    am_hal_pwrctrl_periph_disable            0x0001acd5   Thumb Code   274  am_hal_pwrctrl.o(i.am_hal_pwrctrl_periph_disable)
    am_hal_pwrctrl_periph_enable             0x0001ae01   Thumb Code   166  am_hal_pwrctrl.o(i.am_hal_pwrctrl_periph_enable)
    am_hal_pwrctrl_sram_config               0x0001aeb5   Thumb Code   158  am_hal_pwrctrl.o(i.am_hal_pwrctrl_sram_config)
    am_hal_rtc_osc_disable                   0x0001af5d   Thumb Code    14  am_hal_rtc.o(i.am_hal_rtc_osc_disable)
    am_hal_sysctrl_fpu_enable                0x0001af71   Thumb Code    10  am_hal_sysctrl.o(i.am_hal_sysctrl_fpu_enable)
    am_hal_sysctrl_fpu_stacking_enable       0x0001af81   Thumb Code    44  am_hal_sysctrl.o(i.am_hal_sysctrl_fpu_stacking_enable)
    am_hal_sysctrl_sleep                     0x0001afb1   Thumb Code   210  am_hal_sysctrl.o(i.am_hal_sysctrl_sleep)
    am_hal_tpiu_enable                       0x0001b099   Thumb Code    82  am_hal_tpiu.o(i.am_hal_tpiu_enable)
    buck_ldo_update_override                 0x0001b105   Thumb Code    28  am_hal_pwrctrl.o(i.buck_ldo_update_override)
    crypto_boost_trims                       0x0001b14d   Thumb Code   166  am_hal_pwrctrl.o(i.crypto_boost_trims)
    __aeabi_d2f                              0x0001b1fd   Thumb Code     0  d2f.o(x$fpl$d2f)
    _d2f                                     0x0001b1fd   Thumb Code    98  d2f.o(x$fpl$d2f)
    __fpl_dnaninf                            0x0001b25f   Thumb Code   156  dnaninf.o(x$fpl$dnaninf)
    __fpl_dretinf                            0x0001b2fb   Thumb Code    12  dretinf.o(x$fpl$dretinf)
    __aeabi_f2d                              0x0001b309   Thumb Code     0  f2d.o(x$fpl$f2d)
    _f2d                                     0x0001b309   Thumb Code    86  f2d.o(x$fpl$f2d)
    __fpl_fnaninf                            0x0001b35f   Thumb Code   140  fnaninf.o(x$fpl$fnaninf)
    _fp_init                                 0x0001b3eb   Thumb Code    26  fpinit.o(x$fpl$fpinit)
    __fplib_config_fpu_vfp                   0x0001b403   Thumb Code     0  fpinit.o(x$fpl$fpinit)
    __fplib_config_pureend_doubles           0x0001b403   Thumb Code     0  fpinit.o(x$fpl$fpinit)
    __fpl_fretinf                            0x0001b405   Thumb Code    10  fretinf.o(x$fpl$fretinf)
    __I$use$fp                               0x0001b40e   Number         0  usenofp.o(x$fpl$usenofp)
    am_hal_cachectrl_defaults                0x0001b40e   Data           3  am_hal_cachectrl.o(.constdata)
    am_hal_daxi_defaults                     0x0001b411   Data           5  am_hal_cachectrl.o(.constdata)
    am_hal_gpio_pincfg_output                0x0001b418   Data           4  am_hal_gpio.o(.constdata)
    am_hal_gpio_pincfg_tristate              0x0001b41c   Data           4  am_hal_gpio.o(.constdata)
    am_hal_gpio_pincfg_opendrain             0x0001b420   Data           4  am_hal_gpio.o(.constdata)
    g_am_hal_bootrom_helper                  0x0001b434   Data          40  am_hal_bootrom_helper.o(.constdata)
    g_DefaultMcuMemCfg                       0x0001b45c   Data           6  am_hal_pwrctrl.o(.constdata)
    g_DefaultSRAMCfg                         0x0001b462   Data           6  am_hal_pwrctrl.o(.constdata)
    am_hal_pwrctrl_peripheral_control        0x0001b468   Data         544  am_hal_pwrctrl.o(.constdata)
    sGlobalAccess                            0x0001b6f8   Data          28  am_resources.o(.rodata.sGlobalAccess)
    ui32DSP0Allowed                          0x0001b90c   Data          20  am_resources.o(.rodata.ui32DSP0Allowed)
    ui32DSP1Allowed                          0x0001b920   Data          20  am_resources.o(.rodata.ui32DSP1Allowed)
    ui32MCUAllowed                           0x0001b934   Data          20  am_resources.o(.rodata.ui32MCUAllowed)
    ui32SharedAccess                         0x0001b948   Data          20  am_resources.o(.rodata.ui32SharedAccess)
    Region$$Table$$Base                      0x0001b95c   Number         0  anon$$obj.o(Region$$Table)
    Region$$Table$$Limit                     0x0001b98c   Number         0  anon$$obj.o(Region$$Table)
    g_ui32HALflags                           0x10000000   Data           4  am_hal_global.o(.data)
    gDaxiConfig                              0x10000004   Data           5  am_hal_cachectrl.o(.data)
    g_bDoADCadjust                           0x1000000c   Data           1  am_hal_adc.o(.data)
    g_ADCSlotsConfigured                     0x10000014   Data           4  am_hal_adc.o(.data)
    am_bsp_psLEDs                            0x10000018   Data          24  am_bsp.o(.data)
    g_AM_BSP_GPIO_BUTTON0                    0x10000038   Data           4  am_bsp_pins.o(.data)
    g_AM_BSP_GPIO_ITM_SWO                    0x1000003c   Data           4  am_bsp_pins.o(.data)
    gStartOff                                0x10000040   Data           4  am_hal_dcu.o(.data)
    gpDcuEnable                              0x10000044   Data           4  am_hal_dcu.o(.data)
    gpDcuLock                                0x10000048   Data           4  am_hal_dcu.o(.data)
    gDcuEnable                               0x10000050   Data           8  am_hal_dcu.o(.data)
    gDcuDisable                              0x10000058   Data           8  am_hal_dcu.o(.data)
    g_eCurrPwrMode                           0x10000060   Data           1  am_hal_pwrctrl.o(.data)
    g_ui32TrimVer                            0x10000068   Data           4  am_hal_pwrctrl.o(.data)
    g_ui32origSimobuckVDDStrim               0x1000006c   Data           4  am_hal_pwrctrl.o(.data)
    g_ADCState                               0x100000bc   Data          68  am_hal_adc.o(.bss)
    __libspace_start                         0x10000100   Data          96  libspace.o(.bss)
    __temporary_stack_top$libspace           0x10000160   Data           0  libspace.o(.bss)
    g_pfnCharPrint                           0x10000168   Data           4  am_util_stdio.o(.bss.g_pfnCharPrint)
    g_ui16ADCTEMP_code                       0x1000056c   Data           2  adc_vbatt.o(.bss.g_ui16ADCTEMP_code)
    g_ui16ADCVDD_code                        0x1000056e   Data           2  adc_vbatt.o(.bss.g_ui16ADCVDD_code)
    g_ui32SampleCount                        0x10000570   Data           4  adc_vbatt.o(.bss.g_ui32SampleCount)
    psGlobalAccessPtr                        0x10060000   Data           4  am_resources.o(RESOURCE_TABLE)
    axiScratchBuf                            0x10060004   Data          80  adc_vbatt.o(SHARED_RW)
    ui32MCUClaimed                           0x10060054   Data          20  am_resources.o(SHARED_RW)
    ui32DSP0Claimed                          0x10060068   Data          20  am_resources.o(SHARED_RW)
    ui32DSP1Claimed                          0x1006007c   Data          20  am_resources.o(SHARED_RW)



==============================================================================

Memory Map of the image

  Image Entry point : 0x00018235

  Load Region LR_1 (Base: 0x00018000, Size: 0x00003ac0, Max: 0xffffffff, ABSOLUTE)

    Execution Region MCU_MRAM (Exec base: 0x00018000, Load base: 0x00018000, Size: 0x0000398c, Max: 0x001e8000, ABSOLUTE)

    Exec Addr    Load Addr    Size         Type   Attr      Idx    E Section Name        Object

    0x00018000   0x00018000   0x00000234   Code   RO          122    RESET               startup_keil.o
    0x00018234   0x00018234   0x00000008   Code   RO          857  * !!!main             c_w.l(__main.o)
    0x0001823c   0x0001823c   0x0000005c   Code   RO         1039    !!!scatter          c_w.l(__scatter.o)
    0x00018298   0x00018298   0x0000003a   Code   RO         1037    !!dczerorl          c_w.l(__dczerorl.o)
    0x000182d2   0x000182d2   0x00000002   PAD
    0x000182d4   0x000182d4   0x0000001a   Code   RO          859    !!handler_copy      c_w.l(__scatter_copy.o)
    0x000182ee   0x000182ee   0x00000002   PAD
    0x000182f0   0x000182f0   0x00000002   Code   RO         1040    !!handler_null      c_w.l(__scatter.o)
    0x000182f2   0x000182f2   0x00000002   PAD
    0x000182f4   0x000182f4   0x0000001c   Code   RO         1043    !!handler_zi        c_w.l(__scatter_zi.o)
    0x00018310   0x00018310   0x00000002   Code   RO          899    .ARM.Collect$$libinit$$00000000  c_w.l(libinit.o)
    0x00018312   0x00018312   0x00000004   Code   RO          905    .ARM.Collect$$libinit$$00000001  c_w.l(libinit2.o)
    0x00018316   0x00018316   0x00000000   Code   RO          908    .ARM.Collect$$libinit$$00000004  c_w.l(libinit2.o)
    0x00018316   0x00018316   0x00000000   Code   RO          910    .ARM.Collect$$libinit$$00000006  c_w.l(libinit2.o)
    0x00018316   0x00018316   0x00000000   Code   RO          913    .ARM.Collect$$libinit$$0000000C  c_w.l(libinit2.o)
    0x00018316   0x00018316   0x00000000   Code   RO          915    .ARM.Collect$$libinit$$0000000E  c_w.l(libinit2.o)
    0x00018316   0x00018316   0x00000000   Code   RO          917    .ARM.Collect$$libinit$$00000010  c_w.l(libinit2.o)
    0x00018316   0x00018316   0x00000000   Code   RO          920    .ARM.Collect$$libinit$$00000013  c_w.l(libinit2.o)
    0x00018316   0x00018316   0x00000000   Code   RO          922    .ARM.Collect$$libinit$$00000015  c_w.l(libinit2.o)
    0x00018316   0x00018316   0x00000000   Code   RO          924    .ARM.Collect$$libinit$$00000017  c_w.l(libinit2.o)
    0x00018316   0x00018316   0x00000000   Code   RO          926    .ARM.Collect$$libinit$$00000019  c_w.l(libinit2.o)
    0x00018316   0x00018316   0x00000000   Code   RO          928    .ARM.Collect$$libinit$$0000001B  c_w.l(libinit2.o)
    0x00018316   0x00018316   0x00000000   Code   RO          930    .ARM.Collect$$libinit$$0000001D  c_w.l(libinit2.o)
    0x00018316   0x00018316   0x00000000   Code   RO          932    .ARM.Collect$$libinit$$0000001F  c_w.l(libinit2.o)
    0x00018316   0x00018316   0x00000000   Code   RO          934    .ARM.Collect$$libinit$$00000021  c_w.l(libinit2.o)
    0x00018316   0x00018316   0x00000000   Code   RO          936    .ARM.Collect$$libinit$$00000023  c_w.l(libinit2.o)
    0x00018316   0x00018316   0x00000000   Code   RO          938    .ARM.Collect$$libinit$$00000025  c_w.l(libinit2.o)
    0x00018316   0x00018316   0x00000000   Code   RO          940    .ARM.Collect$$libinit$$00000027  c_w.l(libinit2.o)
    0x00018316   0x00018316   0x00000000   Code   RO          944    .ARM.Collect$$libinit$$0000002E  c_w.l(libinit2.o)
    0x00018316   0x00018316   0x00000000   Code   RO          946    .ARM.Collect$$libinit$$00000030  c_w.l(libinit2.o)
    0x00018316   0x00018316   0x00000000   Code   RO          948    .ARM.Collect$$libinit$$00000032  c_w.l(libinit2.o)
    0x00018316   0x00018316   0x00000000   Code   RO          950    .ARM.Collect$$libinit$$00000034  c_w.l(libinit2.o)
    0x00018316   0x00018316   0x00000002   Code   RO          951    .ARM.Collect$$libinit$$00000035  c_w.l(libinit2.o)
    0x00018318   0x00018318   0x00000002   Code   RO          973    .ARM.Collect$$libshutdown$$00000000  c_w.l(libshutdown.o)
    0x0001831a   0x0001831a   0x00000000   Code   RO          988    .ARM.Collect$$libshutdown$$00000002  c_w.l(libshutdown2.o)
    0x0001831a   0x0001831a   0x00000000   Code   RO          990    .ARM.Collect$$libshutdown$$00000004  c_w.l(libshutdown2.o)
    0x0001831a   0x0001831a   0x00000000   Code   RO          993    .ARM.Collect$$libshutdown$$00000007  c_w.l(libshutdown2.o)
    0x0001831a   0x0001831a   0x00000000   Code   RO          996    .ARM.Collect$$libshutdown$$0000000A  c_w.l(libshutdown2.o)
    0x0001831a   0x0001831a   0x00000000   Code   RO          998    .ARM.Collect$$libshutdown$$0000000C  c_w.l(libshutdown2.o)
    0x0001831a   0x0001831a   0x00000000   Code   RO         1001    .ARM.Collect$$libshutdown$$0000000F  c_w.l(libshutdown2.o)
    0x0001831a   0x0001831a   0x00000002   Code   RO         1002    .ARM.Collect$$libshutdown$$00000010  c_w.l(libshutdown2.o)
    0x0001831c   0x0001831c   0x00000000   Code   RO          865    .ARM.Collect$$rtentry$$00000000  c_w.l(__rtentry.o)
    0x0001831c   0x0001831c   0x00000000   Code   RO          876    .ARM.Collect$$rtentry$$00000002  c_w.l(__rtentry2.o)
    0x0001831c   0x0001831c   0x00000006   Code   RO          888    .ARM.Collect$$rtentry$$00000004  c_w.l(__rtentry4.o)
    0x00018322   0x00018322   0x00000000   Code   RO          878    .ARM.Collect$$rtentry$$00000009  c_w.l(__rtentry2.o)
    0x00018322   0x00018322   0x00000004   Code   RO          879    .ARM.Collect$$rtentry$$0000000A  c_w.l(__rtentry2.o)
    0x00018326   0x00018326   0x00000000   Code   RO          881    .ARM.Collect$$rtentry$$0000000C  c_w.l(__rtentry2.o)
    0x00018326   0x00018326   0x00000008   Code   RO          882    .ARM.Collect$$rtentry$$0000000D  c_w.l(__rtentry2.o)
    0x0001832e   0x0001832e   0x00000002   Code   RO          903    .ARM.Collect$$rtexit$$00000000  c_w.l(rtexit.o)
    0x00018330   0x00018330   0x00000000   Code   RO          953    .ARM.Collect$$rtexit$$00000002  c_w.l(rtexit2.o)
    0x00018330   0x00018330   0x00000004   Code   RO          954    .ARM.Collect$$rtexit$$00000003  c_w.l(rtexit2.o)
    0x00018334   0x00018334   0x00000006   Code   RO          955    .ARM.Collect$$rtexit$$00000004  c_w.l(rtexit2.o)
    0x0001833a   0x0001833a   0x00000002   PAD
    0x0001833c   0x0001833c   0x00000016   Code   RO          187    .emb_text           libam_hal.lib(am_hal_interrupt.o)
    0x00018352   0x00018352   0x00000002   PAD
    0x00018354   0x00018354   0x00000018   Code   RO          123    .text               startup_keil.o
    0x0001836c   0x0001836c   0x00000026   Code   RO          851    .text               c_w.l(llshl.o)
    0x00018392   0x00018392   0x00000026   Code   RO          853    .text               c_w.l(llushr.o)
    0x000183b8   0x000183b8   0x00000006   Code   RO          855    .text               c_w.l(heapauxi.o)
    0x000183be   0x000183be   0x0000004a   Code   RO          890    .text               c_w.l(sys_stackheap_outer.o)
    0x00018408   0x00018408   0x00000012   Code   RO          892    .text               c_w.l(exit.o)
    0x0001841a   0x0001841a   0x00000002   PAD
    0x0001841c   0x0001841c   0x00000008   Code   RO          900    .text               c_w.l(libspace.o)
    0x00018424   0x00018424   0x0000000c   Code   RO          963    .text               c_w.l(sys_exit.o)
    0x00018430   0x00018430   0x00000002   Code   RO          978    .text               c_w.l(use_no_semi.o)
    0x00018432   0x00018432   0x00000000   Code   RO          980    .text               c_w.l(indicate_semi.o)
    0x00018432   0x00018432   0x00000002   PAD
    0x00018434   0x00018434   0x0000001a   Code   RO           52    .text.HardFault_Handler  am_util_faultisr.o
    0x0001844e   0x0001844e   0x00000002   PAD
    0x00018450   0x00018450   0x00000184   Code   RO            4    .text.adc_init      adc_vbatt.o
    0x000185d4   0x000185d4   0x000000aa   Code   RO            2    .text.am_adc_isr    adc_vbatt.o
    0x0001867e   0x0001867e   0x00000002   PAD
    0x00018680   0x00018680   0x00000028   Code   RO          101    .text.am_devices_led_array_init  am_devices_led.o
    0x000186a8   0x000186a8   0x0000005e   Code   RO           97    .text.am_devices_led_init  am_devices_led.o
    0x00018706   0x00018706   0x00000002   PAD
    0x00018708   0x00018708   0x00000032   Code   RO          105    .text.am_devices_led_off  am_devices_led.o
    0x0001873a   0x0001873a   0x00000002   PAD
    0x0001873c   0x0001873c   0x0000002e   Code   RO          103    .text.am_devices_led_on  am_devices_led.o
    0x0001876a   0x0001876a   0x00000002   PAD
    0x0001876c   0x0001876c   0x00000056   Code   RO          107    .text.am_devices_led_toggle  am_devices_led.o
    0x000187c2   0x000187c2   0x00000002   PAD
    0x000187c4   0x000187c4   0x000000aa   Code   RO           56    .text.am_util_faultisr_collect_data  am_util_faultisr.o
    0x0001886e   0x0001886e   0x00000002   PAD
    0x00018870   0x00018870   0x00000046   Code   RO           76    .text.am_util_stdio_printf  am_util_stdio.o
    0x000188b6   0x000188b6   0x00000002   PAD
    0x000188b8   0x000188b8   0x0000000c   Code   RO           66    .text.am_util_stdio_printf_init  am_util_stdio.o
    0x000188c4   0x000188c4   0x0000001c   Code   RO           84    .text.am_util_stdio_terminal_clear  am_util_stdio.o
    0x000188e0   0x000188e0   0x00000b70   Code   RO           72    .text.am_util_stdio_vsprintf  am_util_stdio.o
    0x00019450   0x00019450   0x00000008   Code   RO           54    .text.getStackedReg  am_util_faultisr.o
    0x00019458   0x00019458   0x00000438   Code   RO            6    .text.main          adc_vbatt.o
    0x00019890   0x00019890   0x0000008c   Code   RO          243    i.ForceFIFOpop      libam_hal.lib(am_hal_adc.o)
    0x0001991c   0x0001991c   0x0000000a   Code   RO          170    i.__ARM_common_memcpy4_5  libam_hal.lib(am_hal_cachectrl.o)
    0x00019926   0x00019926   0x00000002   PAD
    0x00019928   0x00019928   0x00000078   Code   RO          353    i.am_bsp_itm_printf_enable  libam_bsp.lib(am_bsp.o)
    0x000199a0   0x000199a0   0x00000016   Code   RO          354    i.am_bsp_low_power_init  libam_bsp.lib(am_bsp.o)
    0x000199b6   0x000199b6   0x00000002   PAD
    0x000199b8   0x000199b8   0x0000007c   Code   RO          244    i.am_hal_adc_configure  libam_hal.lib(am_hal_adc.o)
    0x00019a34   0x00019a34   0x0000003c   Code   RO          246    i.am_hal_adc_configure_irtt  libam_hal.lib(am_hal_adc.o)
    0x00019a70   0x00019a70   0x00000090   Code   RO          247    i.am_hal_adc_configure_slot  libam_hal.lib(am_hal_adc.o)
    0x00019b00   0x00019b00   0x00000128   Code   RO          248    i.am_hal_adc_control  libam_hal.lib(am_hal_adc.o)
    0x00019c28   0x00019c28   0x00000068   Code   RO          251    i.am_hal_adc_enable  libam_hal.lib(am_hal_adc.o)
    0x00019c90   0x00019c90   0x00000120   Code   RO          252    i.am_hal_adc_initialize  libam_hal.lib(am_hal_adc.o)
    0x00019db0   0x00019db0   0x0000002c   Code   RO          253    i.am_hal_adc_interrupt_clear  libam_hal.lib(am_hal_adc.o)
    0x00019ddc   0x00019ddc   0x00000034   Code   RO          255    i.am_hal_adc_interrupt_enable  libam_hal.lib(am_hal_adc.o)
    0x00019e10   0x00019e10   0x0000003c   Code   RO          256    i.am_hal_adc_interrupt_status  libam_hal.lib(am_hal_adc.o)
    0x00019e4c   0x00019e4c   0x00000060   Code   RO          258    i.am_hal_adc_irtt_enable  libam_hal.lib(am_hal_adc.o)
    0x00019eac   0x00019eac   0x00000108   Code   RO          259    i.am_hal_adc_power_control  libam_hal.lib(am_hal_adc.o)
    0x00019fb4   0x00019fb4   0x00000230   Code   RO          260    i.am_hal_adc_samples_read  libam_hal.lib(am_hal_adc.o)
    0x0001a1e4   0x0001a1e4   0x0000002c   Code   RO          262    i.am_hal_adc_sw_trigger  libam_hal.lib(am_hal_adc.o)
    0x0001a210   0x0001a210   0x00000048   Code   RO          146    i.am_hal_cachectrl_config  libam_hal.lib(am_hal_cachectrl.o)
    0x0001a258   0x0001a258   0x00000018   Code   RO          149    i.am_hal_cachectrl_enable  libam_hal.lib(am_hal_cachectrl.o)
    0x0001a270   0x0001a270   0x00000098   Code   RO          151    i.am_hal_daxi_config  libam_hal.lib(am_hal_cachectrl.o)
    0x0001a308   0x0001a308   0x00000080   Code   RO          153    i.am_hal_daxi_control  libam_hal.lib(am_hal_cachectrl.o)
    0x0001a388   0x0001a388   0x00000090   Code   RO          760    i.am_hal_dcu_get    libam_hal.lib(am_hal_dcu.o)
    0x0001a418   0x0001a418   0x000000e4   Code   RO          764    i.am_hal_dcu_update  libam_hal.lib(am_hal_dcu.o)
    0x0001a4fc   0x0001a4fc   0x0000002c   Code   RO          227    i.am_hal_delay_us   libam_hal.lib(am_hal_utils.o)
    0x0001a528   0x0001a528   0x00000058   Code   RO          228    i.am_hal_delay_us_status_change  libam_hal.lib(am_hal_utils.o)
    0x0001a580   0x0001a580   0x00000064   Code   RO          229    i.am_hal_delay_us_status_check  libam_hal.lib(am_hal_utils.o)
    0x0001a5e4   0x0001a5e4   0x0000003e   Code   RO          177    i.am_hal_fault_status_get  libam_hal.lib(am_hal_fault.o)
    0x0001a622   0x0001a622   0x00000002   PAD
    0x0001a624   0x0001a624   0x00000054   Code   RO          298    i.am_hal_gpio_pinconfig  libam_hal.lib(am_hal_gpio.o)
    0x0001a678   0x0001a678   0x00000048   Code   RO          301    i.am_hal_gpio_state_read  libam_hal.lib(am_hal_gpio.o)
    0x0001a6c0   0x0001a6c0   0x00000072   Code   RO          302    i.am_hal_gpio_state_write  libam_hal.lib(am_hal_gpio.o)
    0x0001a732   0x0001a732   0x00000002   PAD
    0x0001a734   0x0001a734   0x00000048   Code   RO          620    i.am_hal_itm_enable  libam_hal.lib(am_hal_itm.o)
    0x0001a77c   0x0001a77c   0x00000030   Code   RO          622    i.am_hal_itm_print  libam_hal.lib(am_hal_itm.o)
    0x0001a7ac   0x0001a7ac   0x00000050   Code   RO          197    i.am_hal_mcuctrl_status_get  libam_hal.lib(am_hal_mcuctrl.o)
    0x0001a7fc   0x0001a7fc   0x00000070   Code   RO          651    i.am_hal_mram_info_read  libam_hal.lib(am_hal_mram.o)
    0x0001a86c   0x0001a86c   0x00000228   Code   RO          787    i.am_hal_pwrctrl_control  libam_hal.lib(am_hal_pwrctrl.o)
    0x0001aa94   0x0001aa94   0x00000124   Code   RO          791    i.am_hal_pwrctrl_low_power_init  libam_hal.lib(am_hal_pwrctrl.o)
    0x0001abb8   0x0001abb8   0x0000011c   Code   RO          792    i.am_hal_pwrctrl_mcu_memory_config  libam_hal.lib(am_hal_pwrctrl.o)
    0x0001acd4   0x0001acd4   0x0000012c   Code   RO          796    i.am_hal_pwrctrl_periph_disable  libam_hal.lib(am_hal_pwrctrl.o)
    0x0001ae00   0x0001ae00   0x000000b4   Code   RO          797    i.am_hal_pwrctrl_periph_enable  libam_hal.lib(am_hal_pwrctrl.o)
    0x0001aeb4   0x0001aeb4   0x000000a8   Code   RO          800    i.am_hal_pwrctrl_sram_config  libam_hal.lib(am_hal_pwrctrl.o)
    0x0001af5c   0x0001af5c   0x00000014   Code   RO          677    i.am_hal_rtc_osc_disable  libam_hal.lib(am_hal_rtc.o)
    0x0001af70   0x0001af70   0x00000010   Code   RO          211    i.am_hal_sysctrl_fpu_enable  libam_hal.lib(am_hal_sysctrl.o)
    0x0001af80   0x0001af80   0x00000030   Code   RO          213    i.am_hal_sysctrl_fpu_stacking_enable  libam_hal.lib(am_hal_sysctrl.o)
    0x0001afb0   0x0001afb0   0x000000e8   Code   RO          214    i.am_hal_sysctrl_sleep  libam_hal.lib(am_hal_sysctrl.o)
    0x0001b098   0x0001b098   0x0000006c   Code   RO          704    i.am_hal_tpiu_enable  libam_hal.lib(am_hal_tpiu.o)
    0x0001b104   0x0001b104   0x00000020   Code   RO          806    i.buck_ldo_update_override  libam_hal.lib(am_hal_pwrctrl.o)
    0x0001b124   0x0001b124   0x00000028   Code   RO          765    i.copy_words        libam_hal.lib(am_hal_dcu.o)
    0x0001b14c   0x0001b14c   0x000000b0   Code   RO          807    i.crypto_boost_trims  libam_hal.lib(am_hal_pwrctrl.o)
    0x0001b1fc   0x0001b1fc   0x00000062   Code   RO          861    x$fpl$d2f           fz_wm.l(d2f.o)
    0x0001b25e   0x0001b25e   0x0000009c   Code   RO          866    x$fpl$dnaninf       fz_wm.l(dnaninf.o)
    0x0001b2fa   0x0001b2fa   0x0000000c   Code   RO          868    x$fpl$dretinf       fz_wm.l(dretinf.o)
    0x0001b306   0x0001b306   0x00000002   PAD
    0x0001b308   0x0001b308   0x00000056   Code   RO          863    x$fpl$f2d           fz_wm.l(f2d.o)
    0x0001b35e   0x0001b35e   0x0000008c   Code   RO          870    x$fpl$fnaninf       fz_wm.l(fnaninf.o)
    0x0001b3ea   0x0001b3ea   0x0000001a   Code   RO          961    x$fpl$fpinit        fz_wm.l(fpinit.o)
    0x0001b404   0x0001b404   0x0000000a   Code   RO          872    x$fpl$fretinf       fz_wm.l(fretinf.o)
    0x0001b40e   0x0001b40e   0x00000000   Code   RO          874    x$fpl$usenofp       fz_wm.l(usenofp.o)
    0x0001b40e   0x0001b40e   0x00000003   Data   RO          155    .constdata          libam_hal.lib(am_hal_cachectrl.o)
    0x0001b411   0x0001b411   0x00000005   Data   RO          156    .constdata          libam_hal.lib(am_hal_cachectrl.o)
    0x0001b416   0x0001b416   0x00000002   PAD
    0x0001b418   0x0001b418   0x00000004   Data   RO          305    .constdata          libam_hal.lib(am_hal_gpio.o)
    0x0001b41c   0x0001b41c   0x00000004   Data   RO          307    .constdata          libam_hal.lib(am_hal_gpio.o)
    0x0001b420   0x0001b420   0x00000004   Data   RO          308    .constdata          libam_hal.lib(am_hal_gpio.o)
    0x0001b424   0x0001b424   0x00000010   Data   RO          312    .constdata          libam_hal.lib(am_hal_gpio.o)
    0x0001b434   0x0001b434   0x00000028   Data   RO          612    .constdata          libam_hal.lib(am_hal_bootrom_helper.o)
    0x0001b45c   0x0001b45c   0x00000292   Data   RO          809    .constdata          libam_hal.lib(am_hal_pwrctrl.o)
    0x0001b6ee   0x0001b6ee   0x00000007   Data   RO           12    .rodata.g_sADC_Cfg  adc_vbatt.o
    0x0001b6f5   0x0001b6f5   0x00000003   PAD
    0x0001b6f8   0x0001b6f8   0x0000001c   Data   RO           31    .rodata.sGlobalAccess  am_resources.o
    0x0001b714   0x0001b714   0x000001f6   Data   RO           13    .rodata.str1.1      adc_vbatt.o
    0x0001b90a   0x0001b90a   0x00000002   PAD
    0x0001b90c   0x0001b90c   0x00000014   Data   RO           25    .rodata.ui32DSP0Allowed  am_resources.o
    0x0001b920   0x0001b920   0x00000014   Data   RO           26    .rodata.ui32DSP1Allowed  am_resources.o
    0x0001b934   0x0001b934   0x00000014   Data   RO           24    .rodata.ui32MCUAllowed  am_resources.o
    0x0001b948   0x0001b948   0x00000014   Data   RO           27    .rodata.ui32SharedAccess  am_resources.o
    0x0001b95c   0x0001b95c   0x00000030   Data   RO         1036    Region$$Table       anon$$obj.o


    Execution Region MCU_TCM (Exec base: 0x10000000, Load base: 0x0001b990, Size: 0x00001578, Max: 0x00060000, ABSOLUTE)

    Exec Addr    Load Addr    Size         Type   Attr      Idx    E Section Name        Object

    0x10000000   0x0001b990   0x00000004   Data   RW          138    .data               libam_hal.lib(am_hal_global.o)
    0x10000004   0x0001b994   0x00000005   Data   RW          157    .data               libam_hal.lib(am_hal_cachectrl.o)
    0x10000009   0x0001b999   0x00000003   PAD
    0x1000000c   0x0001b99c   0x0000000c   Data   RW          264    .data               libam_hal.lib(am_hal_adc.o)
    0x10000018   0x0001b9a8   0x00000018   Data   RW          365    .data               libam_bsp.lib(am_bsp.o)
    0x10000030   0x0001b9c0   0x00000008   Data   RW          371    .data               libam_bsp.lib(am_bsp.o)
    0x10000038   0x0001b9c8   0x00000004   Data   RW          413    .data               libam_bsp.lib(am_bsp_pins.o)
    0x1000003c   0x0001b9cc   0x00000004   Data   RW          550    .data               libam_bsp.lib(am_bsp_pins.o)
    0x10000040   0x0001b9d0   0x00000020   Data   RW          766    .data               libam_hal.lib(am_hal_dcu.o)
    0x10000060   0x0001b9f0   0x0000003c   Data   RW          811    .data               libam_hal.lib(am_hal_pwrctrl.o)
    0x1000009c   0x0001ba2c   0x00000004   PAD
    0x100000a0        -       0x00000060   Zero   RW          263    .bss                libam_hal.lib(am_hal_adc.o)
    0x10000100        -       0x00000060   Zero   RW          901    .bss                c_w.l(libspace.o)
    0x10000160        -       0x00000004   Zero   RW            8    .bss.g_ADCHandle    adc_vbatt.o
    0x10000164        -       0x00000001   Zero   RW           87    .bss.g_bTxtXlate    am_util_stdio.o
    0x10000165   0x0001ba2c   0x00000003   PAD
    0x10000168        -       0x00000004   Zero   RW           86    .bss.g_pfnCharPrint  am_util_stdio.o
    0x1000016c        -       0x00000400   Zero   RW           88    .bss.g_prfbuf       am_util_stdio.o
    0x1000056c        -       0x00000002   Zero   RW           10    .bss.g_ui16ADCTEMP_code  adc_vbatt.o
    0x1000056e        -       0x00000002   Zero   RW            9    .bss.g_ui16ADCVDD_code  adc_vbatt.o
    0x10000570        -       0x00000004   Zero   RW           11    .bss.g_ui32SampleCount  adc_vbatt.o
    0x10000574   0x0001ba2c   0x00000004   PAD
    0x10000578        -       0x00000000   Zero   RW          121    HEAP                startup_keil.o
    0x10000578        -       0x00001000   Zero   RW          120    STACK               startup_keil.o


    Execution Region SHARED_SRAM (Exec base: 0x10060000, Load base: 0x0001ba30, Size: 0x00000090, Max: 0x00100000, ABSOLUTE)

    Exec Addr    Load Addr    Size         Type   Attr      Idx    E Section Name        Object

    0x10060000   0x0001ba30   0x00000004   Data   RW           32    RESOURCE_TABLE      am_resources.o
    0x10060004   0x0001ba34   0x00000050   Data   RW           14    SHARED_RW           adc_vbatt.o
    0x10060054   0x0001ba84   0x00000014   Data   RW           28    SHARED_RW           am_resources.o
    0x10060068   0x0001ba98   0x00000014   Data   RW           29    SHARED_RW           am_resources.o
    0x1006007c   0x0001baac   0x00000014   Data   RW           30    SHARED_RW           am_resources.o


==============================================================================

Image component sizes


      Code (inc. data)   RO Data    RW Data    ZI Data      Debug   Object Name

      1638        308        509         80         12      32001   adc_vbatt.o
       316          0          0          0          0       4633   am_devices_led.o
         0          0        108         64          0       1188   am_resources.o
       204          0          0          0          0       2250   am_util_faultisr.o
      3038        122          0          0       1029      18077   am_util_stdio.o
       588        530          0          0       4096       1368   startup_keil.o

    ----------------------------------------------------------------------
      5800        960        670        144       5144      59517   Object Totals
         0          0         48          0          0          0   (incl. Generated)
        16          0          5          0          7          0   (incl. Padding)

    ----------------------------------------------------------------------

      Code (inc. data)   RO Data    RW Data    ZI Data      Debug   Library Member Name

        58          0          0          0          0          0   __dczerorl.o
         8          0          0          0          0         68   __main.o
         0          0          0          0          0          0   __rtentry.o
        12          0          0          0          0          0   __rtentry2.o
         6          0          0          0          0          0   __rtentry4.o
        94          8          0          0          0          0   __scatter.o
        26          0          0          0          0         68   __scatter_copy.o
        28          0          0          0          0          0   __scatter_zi.o
        18          0          0          0          0         80   exit.o
         6          0          0          0          0        152   heapauxi.o
         0          0          0          0          0          0   indicate_semi.o
         2          0          0          0          0          0   libinit.o
         6          0          0          0          0          0   libinit2.o
         2          0          0          0          0          0   libshutdown.o
         2          0          0          0          0          0   libshutdown2.o
         8          4          0          0         96         68   libspace.o
        38          0          0          0          0         68   llshl.o
        38          0          0          0          0         68   llushr.o
         2          0          0          0          0          0   rtexit.o
        10          0          0          0          0          0   rtexit2.o
        12          4          0          0          0         68   sys_exit.o
        74          0          0          0          0         80   sys_stackheap_outer.o
         2          0          0          0          0         68   use_no_semi.o
        98          4          0          0          0        140   d2f.o
       156          4          0          0          0        140   dnaninf.o
        12          0          0          0          0        116   dretinf.o
        86          4          0          0          0        132   f2d.o
       140          4          0          0          0        132   fnaninf.o
        26          0          0          0          0        116   fpinit.o
        10          0          0          0          0        116   fretinf.o
         0          0          0          0          0          0   usenofp.o
       142         24          0         32          0        264   am_bsp.o
         0          0          0          8          0          0   am_bsp_pins.o
      2276        212          0         12         96       1756   am_hal_adc.o
         0          0         40          0          0          0   am_hal_bootrom_helper.o
       386         18          8          5          0        624   am_hal_cachectrl.o
       412         26          0         32          0        428   am_hal_dcu.o
        62          0          0          0          0        116   am_hal_fault.o
         0          0          0          4          0          0   am_hal_global.o
       270         26         28          0          0        380   am_hal_gpio.o
        22          0          0          0          0        148   am_hal_interrupt.o
       120         28          0          0          0        232   am_hal_itm.o
        80          4          0          0          0        116   am_hal_mcuctrl.o
       112          4          0          0          0        148   am_hal_mram.o
      1984        128        658         60          0       1048   am_hal_pwrctrl.o
        20          6          0          0          0        116   am_hal_rtc.o
       296         32          0          0          0        384   am_hal_sysctrl.o
       108         26          0          0          0        116   am_hal_tpiu.o
       232         26          0          0          0        388   am_hal_utils.o

    ----------------------------------------------------------------------
      7526        592        736        156        196       7944   Library Totals
        24          0          2          3          4          0   (incl. Padding)

    ----------------------------------------------------------------------

      Code (inc. data)   RO Data    RW Data    ZI Data      Debug   Library Name

       452         16          0          0         96        788   c_w.l
       528         16          0          0          0        892   fz_wm.l
       142         24          0         40          0        264   libam_bsp.lib
         0          0          0          4          0          0   libam_hal.lib
      6380        536        734        109         96       6000   libam_hal.lib

    ----------------------------------------------------------------------
      7526        592        736        156        196       7944   Library Totals

    ----------------------------------------------------------------------

==============================================================================


      Code (inc. data)   RO Data    RW Data    ZI Data      Debug   

     13326       1552       1406        300       5340      62257   Grand Totals
     13326       1552       1406        300       5340      62257   ELF Image Totals
     13326       1552       1406        300          0          0   ROM Totals

==============================================================================

    Total RO  Size (Code + RO Data)                14732 (  14.39kB)
    Total RW  Size (RW Data + ZI Data)              5640 (   5.51kB)
    Total ROM Size (Code + RO Data + RW Data)      15032 (  14.68kB)

==============================================================================

